Archive member included to satisfy reference by file (symbol)

C:\Users\Obelisk\Desktop\stm32f7Workspace\stm32f746g-disco_hal_lib\Debug\libstm32f746g-disco_hal_lib.a(stm32f7xx_hal.o)
                              src\main.o (HAL_Init)
C:\Users\Obelisk\Desktop\stm32f7Workspace\stm32f746g-disco_hal_lib\Debug\libstm32f746g-disco_hal_lib.a(stm32f7xx_hal_cortex.o)
                              C:\Users\Obelisk\Desktop\stm32f7Workspace\stm32f746g-disco_hal_lib\Debug\libstm32f746g-disco_hal_lib.a(stm32f7xx_hal.o) (HAL_NVIC_SetPriorityGrouping)
C:\Users\Obelisk\Desktop\stm32f7Workspace\stm32f746g-disco_hal_lib\Debug\libstm32f746g-disco_hal_lib.a(stm32f7xx_hal_pwr_ex.o)
                              src\main.o (HAL_PWREx_EnableOverDrive)
C:\Users\Obelisk\Desktop\stm32f7Workspace\stm32f746g-disco_hal_lib\Debug\libstm32f746g-disco_hal_lib.a(stm32f7xx_hal_rcc.o)
                              src\main.o (HAL_RCC_OscConfig)
C:\Users\Obelisk\Desktop\stm32f7Workspace\stm32f746g-disco_hal_lib\Debug\libstm32f746g-disco_hal_lib.a(stm32746g_discovery_lcd.o)
                              src\main.o (BSP_LCD_Init)
C:\Users\Obelisk\Desktop\stm32f7Workspace\stm32f746g-disco_hal_lib\Debug\libstm32f746g-disco_hal_lib.a(stm32746g_discovery_sd.o)
                              Middlewares\Third_Party\FatFs\src\drivers\sd_diskio.o (BSP_SD_Init)
C:\Users\Obelisk\Desktop\stm32f7Workspace\stm32f746g-disco_hal_lib\Debug\libstm32f746g-disco_hal_lib.a(stm32746g_discovery_sdram.o)
                              Middlewares\Third_Party\FatFs\src\drivers\sdram_diskio.o (BSP_SDRAM_Init)
C:\Users\Obelisk\Desktop\stm32f7Workspace\stm32f746g-disco_hal_lib\Debug\libstm32f746g-disco_hal_lib.a(stm32f7xx_hal_dma.o)
                              C:\Users\Obelisk\Desktop\stm32f7Workspace\stm32f746g-disco_hal_lib\Debug\libstm32f746g-disco_hal_lib.a(stm32746g_discovery_sd.o) (HAL_DMA_Init)
C:\Users\Obelisk\Desktop\stm32f7Workspace\stm32f746g-disco_hal_lib\Debug\libstm32f746g-disco_hal_lib.a(stm32f7xx_hal_dma2d.o)
                              C:\Users\Obelisk\Desktop\stm32f7Workspace\stm32f746g-disco_hal_lib\Debug\libstm32f746g-disco_hal_lib.a(stm32746g_discovery_lcd.o) (HAL_DMA2D_Init)
C:\Users\Obelisk\Desktop\stm32f7Workspace\stm32f746g-disco_hal_lib\Debug\libstm32f746g-disco_hal_lib.a(stm32f7xx_hal_gpio.o)
                              C:\Users\Obelisk\Desktop\stm32f7Workspace\stm32f746g-disco_hal_lib\Debug\libstm32f746g-disco_hal_lib.a(stm32f7xx_hal_rcc.o) (HAL_GPIO_Init)
C:\Users\Obelisk\Desktop\stm32f7Workspace\stm32f746g-disco_hal_lib\Debug\libstm32f746g-disco_hal_lib.a(stm32f7xx_hal_ltdc.o)
                              C:\Users\Obelisk\Desktop\stm32f7Workspace\stm32f746g-disco_hal_lib\Debug\libstm32f746g-disco_hal_lib.a(stm32746g_discovery_lcd.o) (HAL_LTDC_Init)
C:\Users\Obelisk\Desktop\stm32f7Workspace\stm32f746g-disco_hal_lib\Debug\libstm32f746g-disco_hal_lib.a(stm32f7xx_hal_rcc_ex.o)
                              C:\Users\Obelisk\Desktop\stm32f7Workspace\stm32f746g-disco_hal_lib\Debug\libstm32f746g-disco_hal_lib.a(stm32746g_discovery_lcd.o) (HAL_RCCEx_PeriphCLKConfig)
C:\Users\Obelisk\Desktop\stm32f7Workspace\stm32f746g-disco_hal_lib\Debug\libstm32f746g-disco_hal_lib.a(stm32f7xx_hal_sd.o)
                              C:\Users\Obelisk\Desktop\stm32f7Workspace\stm32f746g-disco_hal_lib\Debug\libstm32f746g-disco_hal_lib.a(stm32746g_discovery_sd.o) (HAL_SD_Init)
C:\Users\Obelisk\Desktop\stm32f7Workspace\stm32f746g-disco_hal_lib\Debug\libstm32f746g-disco_hal_lib.a(stm32f7xx_hal_sdram.o)
                              C:\Users\Obelisk\Desktop\stm32f7Workspace\stm32f746g-disco_hal_lib\Debug\libstm32f746g-disco_hal_lib.a(stm32746g_discovery_sdram.o) (HAL_SDRAM_Init)
C:\Users\Obelisk\Desktop\stm32f7Workspace\stm32f746g-disco_hal_lib\Debug\libstm32f746g-disco_hal_lib.a(stm32f7xx_ll_fmc.o)
                              C:\Users\Obelisk\Desktop\stm32f7Workspace\stm32f746g-disco_hal_lib\Debug\libstm32f746g-disco_hal_lib.a(stm32f7xx_hal_sdram.o) (FMC_SDRAM_Init)
C:\Users\Obelisk\Desktop\stm32f7Workspace\stm32f746g-disco_hal_lib\Debug\libstm32f746g-disco_hal_lib.a(stm32f7xx_ll_sdmmc.o)
                              C:\Users\Obelisk\Desktop\stm32f7Workspace\stm32f746g-disco_hal_lib\Debug\libstm32f746g-disco_hal_lib.a(stm32f7xx_hal_sd.o) (SDMMC_Init)
c:/ac6/systemworkbench/plugins/fr.ac6.mcu.externaltools.arm-none.win32_1.7.0.201602121829/tools/compiler/bin/../lib/gcc/arm-none-eabi/5.2.1/../../../../arm-none-eabi/lib/armv7e-m/fpu/fpv5-sp-d16\libc.a(lib_a-errno.o)
                              src\syscalls.o (__errno)
c:/ac6/systemworkbench/plugins/fr.ac6.mcu.externaltools.arm-none.win32_1.7.0.201602121829/tools/compiler/bin/../lib/gcc/arm-none-eabi/5.2.1/../../../../arm-none-eabi/lib/armv7e-m/fpu/fpv5-sp-d16\libc.a(lib_a-exit.o)
[...]
Memory Configuration

Name             Origin             Length             Attributes
FLASH            0x08000000         0x00100000         xr
RAM              0x20000000         0x00050000         xrw
*default*        0x00000000         0xffffffff

Linker script and memory map

LOAD c:/ac6/systemworkbench/plugins/fr.ac6.mcu.externaltools.arm-none.win32_1.7.0.201602121829/tools/compiler/bin/../lib/gcc/arm-none-eabi/5.2.1/armv7e-m/fpu/fpv5-sp-d16/crti.o
LOAD c:/ac6/systemworkbench/plugins/fr.ac6.mcu.externaltools.arm-none.win32_1.7.0.201602121829/tools/compiler/bin/../lib/gcc/arm-none-eabi/5.2.1/armv7e-m/fpu/fpv5-sp-d16/crtbegin.o
LOAD c:/ac6/systemworkbench/plugins/fr.ac6.mcu.externaltools.arm-none.win32_1.7.0.201602121829/tools/compiler/bin/../lib/gcc/arm-none-eabi/5.2.1/../../../../arm-none-eabi/lib/armv7e-m/fpu/fpv5-sp-d16/crt0.o
LOAD c:/ac6/systemworkbench/plugins/fr.ac6.mcu.externaltools.arm-none.win32_1.7.0.201602121829/tools/compiler/bin/../lib/gcc/arm-none-eabi/5.2.1/../../../../arm-none-eabi/lib/armv7e-m/fpu/fpv5-sp-d16\libm.a
LOAD Middlewares\Third_Party\FatFs\src\diskio.o
LOAD Middlewares\Third_Party\FatFs\src\drivers\sd_diskio.o
LOAD Middlewares\Third_Party\FatFs\src\drivers\sdram_diskio.o
LOAD Middlewares\Third_Party\FatFs\src\ff.o
LOAD Middlewares\Third_Party\FatFs\src\ff_gen_drv.o
LOAD Middlewares\Third_Party\FatFs\src\option\syscall.o
LOAD Middlewares\Third_Party\FatFs\src\option\unicode.o
LOAD src\main.o
LOAD src\stm32f7xx_it.o
LOAD src\syscalls.o
LOAD src\system_stm32f7xx.o
LOAD startup\startup_stm32f746xx.o
LOAD C:\Users\Obelisk\Desktop\stm32f7Workspace\stm32f746g-disco_hal_lib\Debug\libstm32f746g-disco_hal_lib.a
START GROUP
LOAD c:/ac6/systemworkbench/plugins/fr.ac6.mcu.externaltools.arm-none.win32_1.7.0.201602121829/tools/compiler/bin/../lib/gcc/arm-none-eabi/5.2.1/armv7e-m/fpu/fpv5-sp-d16\libgcc.a
LOAD c:/ac6/systemworkbench/plugins/fr.ac6.mcu.externaltools.arm-none.win32_1.7.0.201602121829/tools/compiler/bin/../lib/gcc/arm-none-eabi/5.2.1/../../../../arm-none-eabi/lib/armv7e-m/fpu/fpv5-sp-d16\libc.a
END GROUP
LOAD c:/ac6/systemworkbench/plugins/fr.ac6.mcu.externaltools.arm-none.win32_1.7.0.201602121829/tools/compiler/bin/../lib/gcc/arm-none-eabi/5.2.1/armv7e-m/fpu/fpv5-sp-d16/crtend.o
LOAD c:/ac6/systemworkbench/plugins/fr.ac6.mcu.externaltools.arm-none.win32_1.7.0.201602121829/tools/compiler/bin/../lib/gcc/arm-none-eabi/5.2.1/armv7e-m/fpu/fpv5-sp-d16/crtn.o
                0x20050000                _estack = 0x20050000
                0x00000200                _Min_Heap_Size = 0x200
                0x00000400                _Min_Stack_Size = 0x400

.isr_vector     0x08000000      0x1c8
                0x08000000                . = ALIGN (0x4)
 *(.isr_vector)
 .isr_vector    0x08000000      0x1c8 startup\startup_stm32f746xx.o
                0x08000000                g_pfnVectors
                0x080001c8                . = ALIGN (0x4)

.text           0x080001c8     0xad48
                0x080001c8                . = ALIGN (0x4)
 *(.text)
 .text          0x080001c8       0xa4 c:/ac6/systemworkbench/plugins/fr.ac6.mcu.externaltools.arm-none.win32_1.7.0.201602121829/tools/compiler/bin/../lib/gcc/arm-none-eabi/5.2.1/armv7e-m/fpu/fpv5-sp-d16/crtbegin.o
 *(.text*)
 .text.disk_status
                0x0800026c       0x34 Middlewares\Third_Party\FatFs\src\diskio.o
                0x0800026c                disk_status
 .text.disk_initialize
                0x080002a0       0x4c Middlewares\Third_Party\FatFs\src\diskio.o
                0x080002a0                disk_initialize
 .text.disk_read
                0x080002ec       0x40 Middlewares\Third_Party\FatFs\src\diskio.o
                0x080002ec                disk_read
 .text.disk_write
                0x0800032c       0x40 Middlewares\Third_Party\FatFs\src\diskio.o
                0x0800032c                disk_write
 .text.disk_ioctl
                0x0800036c       0x3c Middlewares\Third_Party\FatFs\src\diskio.o
                0x0800036c                disk_ioctl
 .text.get_fattime
                0x080003a8       0x10 Middlewares\Third_Party\FatFs\src\diskio.o
                0x080003a8                get_fattime
 .text.SD_initialize
                0x080003b8       0x3c Middlewares\Third_Party\FatFs\src\drivers\sd_diskio.o
                0x080003b8                SD_initialize
 .text.SD_status
                0x080003f4       0x3c Middlewares\Third_Party\FatFs\src\drivers\sd_diskio.o
                0x080003f4                SD_status
 .text.SD_read  0x08000430       0x44 Middlewares\Third_Party\FatFs\src\drivers\sd_diskio.o
                0x08000430                SD_read
 .text.SD_write
                0x08000474       0x44 Middlewares\Third_Party\FatFs\src\drivers\sd_diskio.o
                0x08000474                SD_write
 .text.SD_ioctl
                0x080004b8       0xa0 Middlewares\Third_Party\FatFs\src\drivers\sd_diskio.o
                0x080004b8                SD_ioctl
 .text.mem_cpy  0x08000558       0x3c Middlewares\Third_Party\FatFs\src\ff.o
 .text.mem_set  0x08000594       0x34 Middlewares\Third_Party\FatFs\src\ff.o
 .text.mem_cmp  0x080005c8       0x50 Middlewares\Third_Party\FatFs\src\ff.o
 .text.chk_chr  0x08000618       0x38 Middlewares\Third_Party\FatFs\src\ff.o
 .text.chk_lock
                0x08000650       0xdc Middlewares\Third_Party\FatFs\src\ff.o
 .text.enq_lock
                0x0800072c       0x48 Middlewares\Third_Party\FatFs\src\ff.o
 .text.inc_lock
                0x08000774      0x170 Middlewares\Third_Party\FatFs\src\ff.o
 .text.dec_lock
                0x080008e4       0x88 Middlewares\Third_Party\FatFs\src\ff.o
 .text.clear_lock
                0x0800096c       0x54 Middlewares\Third_Party\FatFs\src\ff.o
 .text.sync_window
                0x080009c0       0x94 Middlewares\Third_Party\FatFs\src\ff.o
 .text.move_window
                0x08000a54       0x5c Middlewares\Third_Party\FatFs\src\ff.o
 .text.sync_fs  0x08000ab0      0x150 Middlewares\Third_Party\FatFs\src\ff.o
 .text.clust2sect
                0x08000c00       0x44 Middlewares\Third_Party\FatFs\src\ff.o
                0x08000c00                clust2sect
 .text.get_fat  0x08000c44      0x170 Middlewares\Third_Party\FatFs\src\ff.o
                0x08000c44                get_fat
 .text.put_fat  0x08000db4      0x214 Middlewares\Third_Party\FatFs\src\ff.o
                0x08000db4                put_fat
 .text.remove_chain
                0x08000fc8       0xb4 Middlewares\Third_Party\FatFs\src\ff.o
 .text.create_chain
                0x0800107c      0x13c Middlewares\Third_Party\FatFs\src\ff.o
 .text.clmt_clust
                0x080011b8       0x6c Middlewares\Third_Party\FatFs\src\ff.o
 .text.dir_sdi  0x08001224      0x128 Middlewares\Third_Party\FatFs\src\ff.o
 .text.dir_next
                0x0800134c      0x1f0 Middlewares\Third_Party\FatFs\src\ff.o
 .text.dir_alloc
                0x0800153c       0x94 Middlewares\Third_Party\FatFs\src\ff.o
 .text.ld_clust
                0x080015d0       0x5c Middlewares\Third_Party\FatFs\src\ff.o
 .text.st_clust
                0x0800162c       0x48 Middlewares\Third_Party\FatFs\src\ff.o
 .text.cmp_lfn  0x08001674       0xdc Middlewares\Third_Party\FatFs\src\ff.o
 .text.fit_lfn  0x08001750       0xec Middlewares\Third_Party\FatFs\src\ff.o
 .text.gen_numname
                0x0800183c      0x11c Middlewares\Third_Party\FatFs\src\ff.o
 .text.sum_sfn  0x08001958       0x44 Middlewares\Third_Party\FatFs\src\ff.o
 .text.dir_find
                0x0800199c      0x180 Middlewares\Third_Party\FatFs\src\ff.o
 .text.dir_register
                0x08001b1c      0x21c Middlewares\Third_Party\FatFs\src\ff.o
 .text.create_name
                0x08001d38      0x370 Middlewares\Third_Party\FatFs\src\ff.o
 .text.follow_path
                0x080020a8       0xdc Middlewares\Third_Party\FatFs\src\ff.o
 .text.get_ldnumber
                0x08002184       0x88 Middlewares\Third_Party\FatFs\src\ff.o
 .text.check_fs
                0x0800220c       0xd8 Middlewares\Third_Party\FatFs\src\ff.o
 .text.find_volume
                0x080022e4      0x598 Middlewares\Third_Party\FatFs\src\ff.o
 .text.validate
                0x0800287c       0x68 Middlewares\Third_Party\FatFs\src\ff.o
 .text.f_mount  0x080028e4       0x90 Middlewares\Third_Party\FatFs\src\ff.o
                0x080028e4                f_mount
 .text.f_open   0x08002974      0x440 Middlewares\Third_Party\FatFs\src\ff.o
                0x08002974                f_open
 .text.f_read   0x08002db4      0x2d8 Middlewares\Third_Party\FatFs\src\ff.o
                0x08002db4                f_read
 .text.f_write  0x0800308c      0x35c Middlewares\Third_Party\FatFs\src\ff.o
                0x0800308c                f_write
 .text.f_sync   0x080033e8      0x16c Middlewares\Third_Party\FatFs\src\ff.o
                0x080033e8                f_sync
 .text.f_close  0x08003554       0x50 Middlewares\Third_Party\FatFs\src\ff.o
                0x08003554                f_close
 .text.f_opendir
                0x080035a4      0x128 Middlewares\Third_Party\FatFs\src\ff.o
                0x080035a4                f_opendir
 .text.f_mkdir  0x080036cc      0x33c Middlewares\Third_Party\FatFs\src\ff.o
                0x080036cc                f_mkdir
 .text.FATFS_LinkDriverEx
                0x08003a08       0x98 Middlewares\Third_Party\FatFs\src\ff_gen_drv.o
                0x08003a08                FATFS_LinkDriverEx
 .text.FATFS_LinkDriver
                0x08003aa0       0x20 Middlewares\Third_Party\FatFs\src\ff_gen_drv.o
                0x08003aa0                FATFS_LinkDriver
 .text.FATFS_UnLinkDriverEx
                0x08003ac0       0x70 Middlewares\Third_Party\FatFs\src\ff_gen_drv.o
                0x08003ac0                FATFS_UnLinkDriverEx
 .text.FATFS_UnLinkDriver
                0x08003b30       0x1c Middlewares\Third_Party\FatFs\src\ff_gen_drv.o
                0x08003b30                FATFS_UnLinkDriver
 .text.ff_memalloc
                0x08003b4c       0x18 Middlewares\Third_Party\FatFs\src\option\syscall.o
                0x08003b4c                ff_memalloc
 .text.ff_memfree
                0x08003b64       0x18 Middlewares\Third_Party\FatFs\src\option\syscall.o
                0x08003b64                ff_memfree
 .text.ff_convert
                0x08003b7c       0x78 Middlewares\Third_Party\FatFs\src\option\unicode.o
                0x08003b7c                ff_convert
 .text.ff_wtoupper
                0x08003bf4       0x5c Middlewares\Third_Party\FatFs\src\option\unicode.o
                0x08003bf4                ff_wtoupper
 .text.SCB_EnableICache
                0x08003c50       0x38 src\main.o
 .text.SCB_EnableDCache
                0x08003c88       0x80 src\main.o
 .text.main     0x08003d08      0x168 src\main.o
                0x08003d08                main
 .text.DMA2_Stream3_IRQHandler
                0x08003e70        0xc src\main.o
                0x08003e70                DMA2_Stream3_IRQHandler
 .text.DMA2_Stream6_IRQHandler
                0x08003e7c        0xc src\main.o
                0x08003e7c                DMA2_Stream6_IRQHandler
 .text.SDMMC1_IRQHandler
                0x08003e88        0xc src\main.o
                0x08003e88                SDMMC1_IRQHandler
 .text.SystemClock_Config
                0x08003e94       0x9c src\main.o
 .text.CPU_CACHE_Enable
                0x08003f30       0x10 src\main.o
 .text.SysTick_Handler
                0x08003f40       0x10 src\stm32f7xx_it.o
                0x08003f40                SysTick_Handler
 .text._sbrk    0x08003f50       0x58 src\syscalls.o
                0x08003f50                _sbrk
 .text.SystemInit
                0x08003fa8       0x6c src\system_stm32f7xx.o
                0x08003fa8                SystemInit
 .text.Reset_Handler
                0x08004014       0x50 startup\startup_stm32f746xx.o
                0x08004014                Reset_Handler
 .text.Default_Handler
                0x08004064        0x2 startup\startup_stm32f746xx.o
                0x08004064                RTC_Alarm_IRQHandler
                0x08004064                EXTI2_IRQHandler
                0x08004064                TIM8_CC_IRQHandler
                0x08004064                DebugMon_Handler
                0x08004064                UART8_IRQHandler
                0x08004064                SPI4_IRQHandler
                0x08004064                TIM1_CC_IRQHandler
                0x08004064                DMA2_Stream5_IRQHandler
                0x08004064                HardFault_Handler
                0x08004064                DMA1_Stream5_IRQHandler
                0x08004064                PVD_IRQHandler
                0x08004064                TAMP_STAMP_IRQHandler
                0x08004064                PendSV_Handler
                0x08004064                NMI_Handler
                0x08004064                CAN2_RX1_IRQHandler
                0x08004064                EXTI3_IRQHandler
                0x08004064                TIM8_TRG_COM_TIM14_IRQHandler
                0x08004064                TIM1_UP_TIM10_IRQHandler
                0x08004064                TIM8_UP_TIM13_IRQHandler
                0x08004064                I2C3_ER_IRQHandler
                0x08004064                EXTI0_IRQHandler
                0x08004064                I2C2_EV_IRQHandler
                0x08004064                DMA1_Stream2_IRQHandler
                0x08004064                CAN1_RX0_IRQHandler
                0x08004064                FPU_IRQHandler
                0x08004064                OTG_HS_WKUP_IRQHandler
                0x08004064                UsageFault_Handler
                0x08004064                LTDC_ER_IRQHandler
                0x08004064                CAN2_SCE_IRQHandler
                0x08004064                DMA2_Stream2_IRQHandler
                0x08004064                SPI1_IRQHandler
                0x08004064                TIM6_DAC_IRQHandler
                0x08004064                TIM1_BRK_TIM9_IRQHandler
                0x08004064                DCMI_IRQHandler
                0x08004064                CAN2_RX0_IRQHandler
                0x08004064                SAI2_IRQHandler
                0x08004064                USART6_IRQHandler
                0x08004064                USART3_IRQHandler
                0x08004064                CAN1_RX1_IRQHandler
                0x08004064                UART5_IRQHandler
                0x08004064                DMA2_Stream0_IRQHandler
                0x08004064                TIM4_IRQHandler
                0x08004064                QUADSPI_IRQHandler
                0x08004064                I2C1_EV_IRQHandler
                0x08004064                DMA1_Stream6_IRQHandler
                0x08004064                DMA1_Stream1_IRQHandler
                0x08004064                UART4_IRQHandler
                0x08004064                TIM3_IRQHandler
                0x08004064                RCC_IRQHandler
                0x08004064                TIM8_BRK_TIM12_IRQHandler
                0x08004064                Default_Handler
                0x08004064                CEC_IRQHandler
                0x08004064                EXTI15_10_IRQHandler
                0x08004064                ADC_IRQHandler
                0x08004064                DMA1_Stream7_IRQHandler
                0x08004064                SPI5_IRQHandler
                0x08004064                TIM7_IRQHandler
                0x08004064                CAN2_TX_IRQHandler
                0x08004064                TIM5_IRQHandler
                0x08004064                DMA2_Stream7_IRQHandler
                0x08004064                I2C3_EV_IRQHandler
                0x08004064                EXTI9_5_IRQHandler
                0x08004064                RTC_WKUP_IRQHandler
                0x08004064                LTDC_IRQHandler
                0x08004064                ETH_WKUP_IRQHandler
                0x08004064                SPDIF_RX_IRQHandler
                0x08004064                SPI2_IRQHandler
                0x08004064                OTG_HS_EP1_IN_IRQHandler
                0x08004064                MemManage_Handler
                0x08004064                DMA1_Stream0_IRQHandler
                0x08004064                CAN1_TX_IRQHandler
                0x08004064                SVC_Handler
                0x08004064                EXTI4_IRQHandler
                0x08004064                RNG_IRQHandler
                0x08004064                ETH_IRQHandler
                0x08004064                OTG_HS_EP1_OUT_IRQHandler
                0x08004064                WWDG_IRQHandler
                0x08004064                SPI6_IRQHandler
                0x08004064                I2C4_EV_IRQHandler
                0x08004064                TIM2_IRQHandler
                0x08004064                OTG_FS_WKUP_IRQHandler
                0x08004064                TIM1_TRG_COM_TIM11_IRQHandler
                0x08004064                OTG_HS_IRQHandler
                0x08004064                DMA2D_IRQHandler
                0x08004064                EXTI1_IRQHandler
                0x08004064                UART7_IRQHandler
                0x08004064                USART2_IRQHandler
                0x08004064                I2C2_ER_IRQHandler
                0x08004064                DMA2_Stream1_IRQHandler
                0x08004064                CAN1_SCE_IRQHandler
                0x08004064                FLASH_IRQHandler
                0x08004064                DMA2_Stream4_IRQHandler
                0x08004064                BusFault_Handler
                0x08004064                USART1_IRQHandler
                0x08004064                OTG_FS_IRQHandler
                0x08004064                SPI3_IRQHandler
                0x08004064                DMA1_Stream4_IRQHandler
                0x08004064                I2C1_ER_IRQHandler
                0x08004064                FMC_IRQHandler
                0x08004064                LPTIM1_IRQHandler
                0x08004064                I2C4_ER_IRQHandler
                0x08004064                SAI1_IRQHandler
                0x08004064                DMA1_Stream3_IRQHandler
 *fill*         0x08004066        0x2 
 .text.HAL_Init
                0x08004068       0x2c C:\Users\Obelisk\Desktop\stm32f7Workspace\stm32f746g-disco_hal_lib\Debug\libstm32f746g-disco_hal_lib.a(stm32f7xx_hal.o)
                0x08004068                HAL_Init
 .text.HAL_MspInit
                0x08004094       0x10 C:\Users\Obelisk\Desktop\stm32f7Workspace\stm32f746g-disco_hal_lib\Debug\libstm32f746g-disco_hal_lib.a(stm32f7xx_hal.o)
                0x08004094                HAL_MspInit
 .text.HAL_InitTick
                0x080040a4       0x38 C:\Users\Obelisk\Desktop\stm32f7Workspace\stm32f746g-disco_hal_lib\Debug\libstm32f746g-disco_hal_lib.a(stm32f7xx_hal.o)
                0x080040a4                HAL_InitTick
 .text.HAL_IncTick
                0x080040dc       0x1c C:\Users\Obelisk\Desktop\stm32f7Workspace\stm32f746g-disco_hal_lib\Debug\libstm32f746g-disco_hal_lib.a(stm32f7xx_hal.o)
                0x080040dc                HAL_IncTick
 .text.HAL_GetTick
                0x080040f8       0x18 C:\Users\Obelisk\Desktop\stm32f7Workspace\stm32f746g-disco_hal_lib\Debug\libstm32f746g-disco_hal_lib.a(stm32f7xx_hal.o)
                0x080040f8                HAL_GetTick
 .text.HAL_Delay
                0x08004110       0x2c C:\Users\Obelisk\Desktop\stm32f7Workspace\stm32f746g-disco_hal_lib\Debug\libstm32f746g-disco_hal_lib.a(stm32f7xx_hal.o)
                0x08004110                HAL_Delay
 .text.NVIC_SetPriorityGrouping
                0x0800413c       0x48 C:\Users\Obelisk\Desktop\stm32f7Workspace\stm32f746g-disco_hal_lib\Debug\libstm32f746g-disco_hal_lib.a(stm32f7xx_hal_cortex.o)
 .text.NVIC_GetPriorityGrouping
                0x08004184       0x1c C:\Users\Obelisk\Desktop\stm32f7Workspace\stm32f746g-disco_hal_lib\Debug\libstm32f746g-disco_hal_lib.a(stm32f7xx_hal_cortex.o)
 .text.NVIC_EnableIRQ
                0x080041a0       0x34 C:\Users\Obelisk\Desktop\stm32f7Workspace\stm32f746g-disco_hal_lib\Debug\libstm32f746g-disco_hal_lib.a(stm32f7xx_hal_cortex.o)
 .text.NVIC_SetPriority
                0x080041d4       0x54 C:\Users\Obelisk\Desktop\stm32f7Workspace\stm32f746g-disco_hal_lib\Debug\libstm32f746g-disco_hal_lib.a(stm32f7xx_hal_cortex.o)
 .text.NVIC_EncodePriority
                0x08004228       0x64 C:\Users\Obelisk\Desktop\stm32f7Workspace\stm32f746g-disco_hal_lib\Debug\libstm32f746g-disco_hal_lib.a(stm32f7xx_hal_cortex.o)
 .text.SysTick_Config
                0x0800428c       0x44 C:\Users\Obelisk\Desktop\stm32f7Workspace\stm32f746g-disco_hal_lib\Debug\libstm32f746g-disco_hal_lib.a(stm32f7xx_hal_cortex.o)
 .text.HAL_NVIC_SetPriorityGrouping
                0x080042d0       0x18 C:\Users\Obelisk\Desktop\stm32f7Workspace\stm32f746g-disco_hal_lib\Debug\libstm32f746g-disco_hal_lib.a(stm32f7xx_hal_cortex.o)
                0x080042d0                HAL_NVIC_SetPriorityGrouping
 .text.HAL_NVIC_SetPriority
                0x080042e8       0x38 C:\Users\Obelisk\Desktop\stm32f7Workspace\stm32f746g-disco_hal_lib\Debug\libstm32f746g-disco_hal_lib.a(stm32f7xx_hal_cortex.o)
                0x080042e8                HAL_NVIC_SetPriority
 .text.HAL_NVIC_EnableIRQ
                0x08004320       0x1c C:\Users\Obelisk\Desktop\stm32f7Workspace\stm32f746g-disco_hal_lib\Debug\libstm32f746g-disco_hal_lib.a(stm32f7xx_hal_cortex.o)
                0x08004320                HAL_NVIC_EnableIRQ
 .text.HAL_SYSTICK_Config
                0x0800433c       0x18 C:\Users\Obelisk\Desktop\stm32f7Workspace\stm32f746g-disco_hal_lib\Debug\libstm32f746g-disco_hal_lib.a(stm32f7xx_hal_cortex.o)
                0x0800433c                HAL_SYSTICK_Config
 .text.HAL_SYSTICK_IRQHandler
                0x08004354        0xc C:\Users\Obelisk\Desktop\stm32f7Workspace\stm32f746g-disco_hal_lib\Debug\libstm32f746g-disco_hal_lib.a(stm32f7xx_hal_cortex.o)
                0x08004354                HAL_SYSTICK_IRQHandler
 .text.HAL_SYSTICK_Callback
                0x08004360       0x10 C:\Users\Obelisk\Desktop\stm32f7Workspace\stm32f746g-disco_hal_lib\Debug\libstm32f746g-disco_hal_lib.a(stm32f7xx_hal_cortex.o)
                0x08004360                HAL_SYSTICK_Callback
 .text.HAL_PWREx_EnableOverDrive
                0x08004370       0xa0 C:\Users\Obelisk\Desktop\stm32f7Workspace\stm32f746g-disco_hal_lib\Debug\libstm32f746g-disco_hal_lib.a(stm32f7xx_hal_pwr_ex.o)
                0x08004370                HAL_PWREx_EnableOverDrive
 .text.HAL_RCC_OscConfig
                0x08004410      0x5ac C:\Users\Obelisk\Desktop\stm32f7Workspace\stm32f746g-disco_hal_lib\Debug\libstm32f746g-disco_hal_lib.a(stm32f7xx_hal_rcc.o)
                0x08004410                HAL_RCC_OscConfig
 .text.HAL_RCC_ClockConfig
                0x080049bc      0x2c4 C:\Users\Obelisk\Desktop\stm32f7Workspace\stm32f746g-disco_hal_lib\Debug\libstm32f746g-disco_hal_lib.a(stm32f7xx_hal_rcc.o)
                0x080049bc                HAL_RCC_ClockConfig
 .text.HAL_RCC_GetSysClockFreq
                0x08004c80       0xfc C:\Users\Obelisk\Desktop\stm32f7Workspace\stm32f746g-disco_hal_lib\Debug\libstm32f746g-disco_hal_lib.a(stm32f7xx_hal_rcc.o)
                0x08004c80                HAL_RCC_GetSysClockFreq
 .text.HAL_RCC_GetHCLKFreq
                0x08004d7c       0x50 C:\Users\Obelisk\Desktop\stm32f7Workspace\stm32f746g-disco_hal_lib\Debug\libstm32f746g-disco_hal_lib.a(stm32f7xx_hal_rcc.o)
                0x08004d7c                HAL_RCC_GetHCLKFreq
 .text.BSP_LCD_Init
                0x08004dcc       0xe0 C:\Users\Obelisk\Desktop\stm32f7Workspace\stm32f746g-disco_hal_lib\Debug\libstm32f746g-disco_hal_lib.a(stm32746g_discovery_lcd.o)
                0x08004dcc                BSP_LCD_Init
 .text.BSP_LCD_GetXSize
                0x08004eac       0x28 C:\Users\Obelisk\Desktop\stm32f7Workspace\stm32f746g-disco_hal_lib\Debug\libstm32f746g-disco_hal_lib.a(stm32746g_discovery_lcd.o)
                0x08004eac                BSP_LCD_GetXSize
 .text.BSP_LCD_GetYSize
                0x08004ed4       0x28 C:\Users\Obelisk\Desktop\stm32f7Workspace\stm32f746g-disco_hal_lib\Debug\libstm32f746g-disco_hal_lib.a(stm32746g_discovery_lcd.o)
                0x08004ed4                BSP_LCD_GetYSize
 .text.BSP_LCD_LayerDefaultInit
                0x08004efc       0xc0 C:\Users\Obelisk\Desktop\stm32f7Workspace\stm32f746g-disco_hal_lib\Debug\libstm32f746g-disco_hal_lib.a(stm32746g_discovery_lcd.o)
                0x08004efc                BSP_LCD_LayerDefaultInit
 .text.BSP_LCD_SelectLayer
                0x08004fbc       0x20 C:\Users\Obelisk\Desktop\stm32f7Workspace\stm32f746g-disco_hal_lib\Debug\libstm32f746g-disco_hal_lib.a(stm32746g_discovery_lcd.o)
                0x08004fbc                BSP_LCD_SelectLayer
 .text.BSP_LCD_SetLayerVisible
                0x08004fdc       0x80 C:\Users\Obelisk\Desktop\stm32f7Workspace\stm32f746g-disco_hal_lib\Debug\libstm32f746g-disco_hal_lib.a(stm32746g_discovery_lcd.o)
                0x08004fdc                BSP_LCD_SetLayerVisible
 .text.BSP_LCD_SetTextColor
                0x0800505c       0x30 C:\Users\Obelisk\Desktop\stm32f7Workspace\stm32f746g-disco_hal_lib\Debug\libstm32f746g-disco_hal_lib.a(stm32746g_discovery_lcd.o)
                0x0800505c                BSP_LCD_SetTextColor
 .text.BSP_LCD_SetBackColor
                0x0800508c       0x34 C:\Users\Obelisk\Desktop\stm32f7Workspace\stm32f746g-disco_hal_lib\Debug\libstm32f746g-disco_hal_lib.a(stm32746g_discovery_lcd.o)
                0x0800508c                BSP_LCD_SetBackColor
 .text.BSP_LCD_SetFont
                0x080050c0       0x34 C:\Users\Obelisk\Desktop\stm32f7Workspace\stm32f746g-disco_hal_lib\Debug\libstm32f746g-disco_hal_lib.a(stm32746g_discovery_lcd.o)
                0x080050c0                BSP_LCD_SetFont
 .text.BSP_LCD_GetFont
                0x080050f4       0x2c C:\Users\Obelisk\Desktop\stm32f7Workspace\stm32f746g-disco_hal_lib\Debug\libstm32f746g-disco_hal_lib.a(stm32746g_discovery_lcd.o)
                0x080050f4                BSP_LCD_GetFont
 .text.BSP_LCD_Clear
                0x08005120       0x50 C:\Users\Obelisk\Desktop\stm32f7Workspace\stm32f746g-disco_hal_lib\Debug\libstm32f746g-disco_hal_lib.a(stm32746g_discovery_lcd.o)
                0x08005120                BSP_LCD_Clear
 .text.BSP_LCD_DisplayChar
                0x08005170       0x88 C:\Users\Obelisk\Desktop\stm32f7Workspace\stm32f746g-disco_hal_lib\Debug\libstm32f746g-disco_hal_lib.a(stm32746g_discovery_lcd.o)
                0x08005170                BSP_LCD_DisplayChar
 .text.BSP_LCD_DisplayStringAt
                0x080051f8      0x188 C:\Users\Obelisk\Desktop\stm32f7Workspace\stm32f746g-disco_hal_lib\Debug\libstm32f746g-disco_hal_lib.a(stm32746g_discovery_lcd.o)
                0x080051f8                BSP_LCD_DisplayStringAt
 .text.BSP_LCD_DisplayStringAtLine
                0x08005380       0x30 C:\Users\Obelisk\Desktop\stm32f7Workspace\stm32f746g-disco_hal_lib\Debug\libstm32f746g-disco_hal_lib.a(stm32746g_discovery_lcd.o)
                0x08005380                BSP_LCD_DisplayStringAtLine
 .text.BSP_LCD_DrawPixel
                0x080053b0       0x90 C:\Users\Obelisk\Desktop\stm32f7Workspace\stm32f746g-disco_hal_lib\Debug\libstm32f746g-disco_hal_lib.a(stm32746g_discovery_lcd.o)
                0x080053b0                BSP_LCD_DrawPixel
 .text.BSP_LCD_DisplayOn
                0x08005440       0x3c C:\Users\Obelisk\Desktop\stm32f7Workspace\stm32f746g-disco_hal_lib\Debug\libstm32f746g-disco_hal_lib.a(stm32746g_discovery_lcd.o)
                0x08005440                BSP_LCD_DisplayOn
 .text.BSP_LCD_MspInit
                0x0800547c      0x1d8 C:\Users\Obelisk\Desktop\stm32f7Workspace\stm32f746g-disco_hal_lib\Debug\libstm32f746g-disco_hal_lib.a(stm32746g_discovery_lcd.o)
                0x0800547c                BSP_LCD_MspInit
 .text.BSP_LCD_ClockConfig
                0x08005654       0x38 C:\Users\Obelisk\Desktop\stm32f7Workspace\stm32f746g-disco_hal_lib\Debug\libstm32f746g-disco_hal_lib.a(stm32746g_discovery_lcd.o)
                0x08005654                BSP_LCD_ClockConfig
 .text.DrawChar
                0x0800568c      0x170 C:\Users\Obelisk\Desktop\stm32f7Workspace\stm32f746g-disco_hal_lib\Debug\libstm32f746g-disco_hal_lib.a(stm32746g_discovery_lcd.o)
 .text.LL_FillBuffer
                0x080057fc       0x98 C:\Users\Obelisk\Desktop\stm32f7Workspace\stm32f746g-disco_hal_lib\Debug\libstm32f746g-disco_hal_lib.a(stm32746g_discovery_lcd.o)
 .text.BSP_SD_Init
                0x08005894       0x9c C:\Users\Obelisk\Desktop\stm32f7Workspace\stm32f746g-disco_hal_lib\Debug\libstm32f746g-disco_hal_lib.a(stm32746g_discovery_sd.o)
                0x08005894                BSP_SD_Init
 .text.BSP_SD_IsDetected
                0x08005930       0x30 C:\Users\Obelisk\Desktop\stm32f7Workspace\stm32f746g-disco_hal_lib\Debug\libstm32f746g-disco_hal_lib.a(stm32746g_discovery_sd.o)
                0x08005930                BSP_SD_IsDetected
 .text.BSP_SD_ReadBlocks
                0x08005960       0x38 C:\Users\Obelisk\Desktop\stm32f7Workspace\stm32f746g-disco_hal_lib\Debug\libstm32f746g-disco_hal_lib.a(stm32746g_discovery_sd.o)
                0x08005960                BSP_SD_ReadBlocks
 .text.BSP_SD_WriteBlocks
                0x08005998       0x38 C:\Users\Obelisk\Desktop\stm32f7Workspace\stm32f746g-disco_hal_lib\Debug\libstm32f746g-disco_hal_lib.a(stm32746g_discovery_sd.o)
                0x08005998                BSP_SD_WriteBlocks
 .text.BSP_SD_MspInit
                0x080059d0      0x1e8 C:\Users\Obelisk\Desktop\stm32f7Workspace\stm32f746g-disco_hal_lib\Debug\libstm32f746g-disco_hal_lib.a(stm32746g_discovery_sd.o)
                0x080059d0                BSP_SD_MspInit
 .text.BSP_SD_Detect_MspInit
                0x08005bb8       0x54 C:\Users\Obelisk\Desktop\stm32f7Workspace\stm32f746g-disco_hal_lib\Debug\libstm32f746g-disco_hal_lib.a(stm32746g_discovery_sd.o)
                0x08005bb8                BSP_SD_Detect_MspInit
 .text.BSP_SD_IRQHandler
                0x08005c0c       0x14 C:\Users\Obelisk\Desktop\stm32f7Workspace\stm32f746g-disco_hal_lib\Debug\libstm32f746g-disco_hal_lib.a(stm32746g_discovery_sd.o)
                0x08005c0c                BSP_SD_IRQHandler
 .text.BSP_SD_DMA_Tx_IRQHandler
                0x08005c20       0x18 C:\Users\Obelisk\Desktop\stm32f7Workspace\stm32f746g-disco_hal_lib\Debug\libstm32f746g-disco_hal_lib.a(stm32746g_discovery_sd.o)
                0x08005c20                BSP_SD_DMA_Tx_IRQHandler
 .text.BSP_SD_DMA_Rx_IRQHandler
                0x08005c38       0x18 C:\Users\Obelisk\Desktop\stm32f7Workspace\stm32f746g-disco_hal_lib\Debug\libstm32f746g-disco_hal_lib.a(stm32746g_discovery_sd.o)
                0x08005c38                BSP_SD_DMA_Rx_IRQHandler
 .text.BSP_SD_GetStatus
                0x08005c50       0x14 C:\Users\Obelisk\Desktop\stm32f7Workspace\stm32f746g-disco_hal_lib\Debug\libstm32f746g-disco_hal_lib.a(stm32746g_discovery_sd.o)
                0x08005c50                BSP_SD_GetStatus
 .text.BSP_SD_GetCardInfo
                0x08005c64       0x1c C:\Users\Obelisk\Desktop\stm32f7Workspace\stm32f746g-disco_hal_lib\Debug\libstm32f746g-disco_hal_lib.a(stm32746g_discovery_sd.o)
                0x08005c64                BSP_SD_GetCardInfo
 .text.BSP_SDRAM_Init
                0x08005c80       0xbc C:\Users\Obelisk\Desktop\stm32f7Workspace\stm32f746g-disco_hal_lib\Debug\libstm32f746g-disco_hal_lib.a(stm32746g_discovery_sdram.o)
                0x08005c80                BSP_SDRAM_Init
 .text.BSP_SDRAM_Initialization_sequence
                0x08005d3c       0xc0 C:\Users\Obelisk\Desktop\stm32f7Workspace\stm32f746g-disco_hal_lib\Debug\libstm32f746g-disco_hal_lib.a(stm32746g_discovery_sdram.o)
                0x08005d3c                BSP_SDRAM_Initialization_sequence
 .text.BSP_SDRAM_MspInit
                0x08005dfc      0x210 C:\Users\Obelisk\Desktop\stm32f7Workspace\stm32f746g-disco_hal_lib\Debug\libstm32f746g-disco_hal_lib.a(stm32746g_discovery_sdram.o)
                0x08005dfc                BSP_SDRAM_MspInit
 .text.HAL_DMA_Init
                0x0800600c       0xd8 C:\Users\Obelisk\Desktop\stm32f7Workspace\stm32f746g-disco_hal_lib\Debug\libstm32f746g-disco_hal_lib.a(stm32f7xx_hal_dma.o)
                0x0800600c                HAL_DMA_Init
 .text.HAL_DMA_DeInit
                0x080060e4       0x9c C:\Users\Obelisk\Desktop\stm32f7Workspace\stm32f746g-disco_hal_lib\Debug\libstm32f746g-disco_hal_lib.a(stm32f7xx_hal_dma.o)
                0x080060e4                HAL_DMA_DeInit
 .text.HAL_DMA_IRQHandler
                0x08006180      0x2d8 C:\Users\Obelisk\Desktop\stm32f7Workspace\stm32f746g-disco_hal_lib\Debug\libstm32f746g-disco_hal_lib.a(stm32f7xx_hal_dma.o)
                0x08006180                HAL_DMA_IRQHandler
 .text.DMA_CalcBaseAndBitshift
                0x08006458       0x6c C:\Users\Obelisk\Desktop\stm32f7Workspace\stm32f746g-disco_hal_lib\Debug\libstm32f746g-disco_hal_lib.a(stm32f7xx_hal_dma.o)
 .text.HAL_DMA2D_Init
                0x080064c4       0xbc C:\Users\Obelisk\Desktop\stm32f7Workspace\stm32f746g-disco_hal_lib\Debug\libstm32f746g-disco_hal_lib.a(stm32f7xx_hal_dma2d.o)
                0x080064c4                HAL_DMA2D_Init
 .text.HAL_DMA2D_MspInit
                0x08006580       0x14 C:\Users\Obelisk\Desktop\stm32f7Workspace\stm32f746g-disco_hal_lib\Debug\libstm32f746g-disco_hal_lib.a(stm32f7xx_hal_dma2d.o)
                0x08006580                HAL_DMA2D_MspInit
 .text.HAL_DMA2D_Start
                0x08006594       0x68 C:\Users\Obelisk\Desktop\stm32f7Workspace\stm32f746g-disco_hal_lib\Debug\libstm32f746g-disco_hal_lib.a(stm32f7xx_hal_dma2d.o)
                0x08006594                HAL_DMA2D_Start
 .text.HAL_DMA2D_PollForTransfer
                0x080065fc      0x160 C:\Users\Obelisk\Desktop\stm32f7Workspace\stm32f746g-disco_hal_lib\Debug\libstm32f746g-disco_hal_lib.a(stm32f7xx_hal_dma2d.o)
                0x080065fc                HAL_DMA2D_PollForTransfer
 .text.HAL_DMA2D_ConfigLayer
                0x0800675c      0x1b8 C:\Users\Obelisk\Desktop\stm32f7Workspace\stm32f746g-disco_hal_lib\Debug\libstm32f746g-disco_hal_lib.a(stm32f7xx_hal_dma2d.o)
                0x0800675c                HAL_DMA2D_ConfigLayer
 .text.DMA2D_SetConfig
                0x08006914      0x144 C:\Users\Obelisk\Desktop\stm32f7Workspace\stm32f746g-disco_hal_lib\Debug\libstm32f746g-disco_hal_lib.a(stm32f7xx_hal_dma2d.o)
 .text.HAL_GPIO_Init
                0x08006a58      0x358 C:\Users\Obelisk\Desktop\stm32f7Workspace\stm32f746g-disco_hal_lib\Debug\libstm32f746g-disco_hal_lib.a(stm32f7xx_hal_gpio.o)
                0x08006a58                HAL_GPIO_Init
 .text.HAL_GPIO_ReadPin
                0x08006db0       0x30 C:\Users\Obelisk\Desktop\stm32f7Workspace\stm32f746g-disco_hal_lib\Debug\libstm32f746g-disco_hal_lib.a(stm32f7xx_hal_gpio.o)
                0x08006db0                HAL_GPIO_ReadPin
 .text.HAL_GPIO_WritePin
                0x08006de0       0x34 C:\Users\Obelisk\Desktop\stm32f7Workspace\stm32f746g-disco_hal_lib\Debug\libstm32f746g-disco_hal_lib.a(stm32f7xx_hal_gpio.o)
                0x08006de0                HAL_GPIO_WritePin
 .text.HAL_LTDC_Init
                0x08006e14      0x1b8 C:\Users\Obelisk\Desktop\stm32f7Workspace\stm32f746g-disco_hal_lib\Debug\libstm32f746g-disco_hal_lib.a(stm32f7xx_hal_ltdc.o)
                0x08006e14                HAL_LTDC_Init
 .text.HAL_LTDC_MspInit
                0x08006fcc       0x14 C:\Users\Obelisk\Desktop\stm32f7Workspace\stm32f746g-disco_hal_lib\Debug\libstm32f746g-disco_hal_lib.a(stm32f7xx_hal_ltdc.o)
                0x08006fcc                HAL_LTDC_MspInit
 .text.HAL_LTDC_ConfigLayer
                0x08006fe0       0x7c C:\Users\Obelisk\Desktop\stm32f7Workspace\stm32f746g-disco_hal_lib\Debug\libstm32f746g-disco_hal_lib.a(stm32f7xx_hal_ltdc.o)
                0x08006fe0                HAL_LTDC_ConfigLayer
 .text.HAL_LTDC_GetState
                0x0800705c       0x1c C:\Users\Obelisk\Desktop\stm32f7Workspace\stm32f746g-disco_hal_lib\Debug\libstm32f746g-disco_hal_lib.a(stm32f7xx_hal_ltdc.o)
                0x0800705c                HAL_LTDC_GetState
 .text.LTDC_SetConfig
                0x08007078      0x354 C:\Users\Obelisk\Desktop\stm32f7Workspace\stm32f746g-disco_hal_lib\Debug\libstm32f746g-disco_hal_lib.a(stm32f7xx_hal_ltdc.o)
 .text.HAL_RCCEx_PeriphCLKConfig
                0x080073cc      0xe04 C:\Users\Obelisk\Desktop\stm32f7Workspace\stm32f746g-disco_hal_lib\Debug\libstm32f746g-disco_hal_lib.a(stm32f7xx_hal_rcc_ex.o)
                0x080073cc                HAL_RCCEx_PeriphCLKConfig
 .text.HAL_SD_Init
                0x080081d0       0xec C:\Users\Obelisk\Desktop\stm32f7Workspace\stm32f746g-disco_hal_lib\Debug\libstm32f746g-disco_hal_lib.a(stm32f7xx_hal_sd.o)
                0x080081d0                HAL_SD_Init
 .text.HAL_SD_MspInit
                0x080082bc       0x14 C:\Users\Obelisk\Desktop\stm32f7Workspace\stm32f746g-disco_hal_lib\Debug\libstm32f746g-disco_hal_lib.a(stm32f7xx_hal_sd.o)
                0x080082bc                HAL_SD_MspInit
 .text.HAL_SD_ReadBlocks
                0x080082d0      0x29c C:\Users\Obelisk\Desktop\stm32f7Workspace\stm32f746g-disco_hal_lib\Debug\libstm32f746g-disco_hal_lib.a(stm32f7xx_hal_sd.o)
                0x080082d0                HAL_SD_ReadBlocks
 .text.HAL_SD_WriteBlocks
                0x0800856c      0x370 C:\Users\Obelisk\Desktop\stm32f7Workspace\stm32f746g-disco_hal_lib\Debug\libstm32f746g-disco_hal_lib.a(stm32f7xx_hal_sd.o)
                0x0800856c                HAL_SD_WriteBlocks
 .text.HAL_SD_IRQHandler
                0x080088dc       0xe0 C:\Users\Obelisk\Desktop\stm32f7Workspace\stm32f746g-disco_hal_lib\Debug\libstm32f746g-disco_hal_lib.a(stm32f7xx_hal_sd.o)
                0x080088dc                HAL_SD_IRQHandler
 .text.HAL_SD_XferCpltCallback
                0x080089bc       0x14 C:\Users\Obelisk\Desktop\stm32f7Workspace\stm32f746g-disco_hal_lib\Debug\libstm32f746g-disco_hal_lib.a(stm32f7xx_hal_sd.o)
                0x080089bc                HAL_SD_XferCpltCallback
 .text.HAL_SD_XferErrorCallback
                0x080089d0       0x14 C:\Users\Obelisk\Desktop\stm32f7Workspace\stm32f746g-disco_hal_lib\Debug\libstm32f746g-disco_hal_lib.a(stm32f7xx_hal_sd.o)
                0x080089d0                HAL_SD_XferErrorCallback
 .text.HAL_SD_Get_CardInfo
                0x080089e4      0x608 C:\Users\Obelisk\Desktop\stm32f7Workspace\stm32f746g-disco_hal_lib\Debug\libstm32f746g-disco_hal_lib.a(stm32f7xx_hal_sd.o)
                0x080089e4                HAL_SD_Get_CardInfo
 .text.HAL_SD_WideBusOperation_Config
                0x08008fec       0xd0 C:\Users\Obelisk\Desktop\stm32f7Workspace\stm32f746g-disco_hal_lib\Debug\libstm32f746g-disco_hal_lib.a(stm32f7xx_hal_sd.o)
                0x08008fec                HAL_SD_WideBusOperation_Config
 .text.HAL_SD_StopTransfer
                0x080090bc       0x48 C:\Users\Obelisk\Desktop\stm32f7Workspace\stm32f746g-disco_hal_lib\Debug\libstm32f746g-disco_hal_lib.a(stm32f7xx_hal_sd.o)
                0x080090bc                HAL_SD_StopTransfer
 .text.HAL_SD_GetStatus
                0x08009104       0x34 C:\Users\Obelisk\Desktop\stm32f7Workspace\stm32f746g-disco_hal_lib\Debug\libstm32f746g-disco_hal_lib.a(stm32f7xx_hal_sd.o)
                0x08009104                HAL_SD_GetStatus
 .text.SD_GetState
                0x08009138       0x38 C:\Users\Obelisk\Desktop\stm32f7Workspace\stm32f746g-disco_hal_lib\Debug\libstm32f746g-disco_hal_lib.a(stm32f7xx_hal_sd.o)
 .text.SD_Initialize_Cards
                0x08009170      0x1b8 C:\Users\Obelisk\Desktop\stm32f7Workspace\stm32f746g-disco_hal_lib\Debug\libstm32f746g-disco_hal_lib.a(stm32f7xx_hal_sd.o)
 .text.SD_Select_Deselect
                0x08009328       0x54 C:\Users\Obelisk\Desktop\stm32f7Workspace\stm32f746g-disco_hal_lib\Debug\libstm32f746g-disco_hal_lib.a(stm32f7xx_hal_sd.o)
 .text.SD_PowerON
                0x0800937c      0x1e0 C:\Users\Obelisk\Desktop\stm32f7Workspace\stm32f746g-disco_hal_lib\Debug\libstm32f746g-disco_hal_lib.a(stm32f7xx_hal_sd.o)
 .text.SD_SendStatus
                0x0800955c       0x78 C:\Users\Obelisk\Desktop\stm32f7Workspace\stm32f746g-disco_hal_lib\Debug\libstm32f746g-disco_hal_lib.a(stm32f7xx_hal_sd.o)
 .text.SD_CmdError
                0x080095d4       0x78 C:\Users\Obelisk\Desktop\stm32f7Workspace\stm32f746g-disco_hal_lib\Debug\libstm32f746g-disco_hal_lib.a(stm32f7xx_hal_sd.o)
 .text.SD_CmdResp7Error
                0x0800964c       0xb0 C:\Users\Obelisk\Desktop\stm32f7Workspace\stm32f746g-disco_hal_lib\Debug\libstm32f746g-disco_hal_lib.a(stm32f7xx_hal_sd.o)
 .text.SD_CmdResp1Error
                0x080096fc      0x1b4 C:\Users\Obelisk\Desktop\stm32f7Workspace\stm32f746g-disco_hal_lib\Debug\libstm32f746g-disco_hal_lib.a(stm32f7xx_hal_sd.o)
 .text.SD_CmdResp3Error
                0x080098b0       0x54 C:\Users\Obelisk\Desktop\stm32f7Workspace\stm32f746g-disco_hal_lib\Debug\libstm32f746g-disco_hal_lib.a(stm32f7xx_hal_sd.o)
 .text.SD_CmdResp2Error
                0x08009904       0x70 C:\Users\Obelisk\Desktop\stm32f7Workspace\stm32f746g-disco_hal_lib\Debug\libstm32f746g-disco_hal_lib.a(stm32f7xx_hal_sd.o)
 .text.SD_CmdResp6Error
                0x08009974       0xe0 C:\Users\Obelisk\Desktop\stm32f7Workspace\stm32f746g-disco_hal_lib\Debug\libstm32f746g-disco_hal_lib.a(stm32f7xx_hal_sd.o)
 .text.SD_WideBus_Enable
                0x08009a54       0xf4 C:\Users\Obelisk\Desktop\stm32f7Workspace\stm32f746g-disco_hal_lib\Debug\libstm32f746g-disco_hal_lib.a(stm32f7xx_hal_sd.o)
 .text.SD_WideBus_Disable
                0x08009b48       0xf4 C:\Users\Obelisk\Desktop\stm32f7Workspace\stm32f746g-disco_hal_lib\Debug\libstm32f746g-disco_hal_lib.a(stm32f7xx_hal_sd.o)
 .text.SD_FindSCR
                0x08009c3c      0x1f4 C:\Users\Obelisk\Desktop\stm32f7Workspace\stm32f746g-disco_hal_lib\Debug\libstm32f746g-disco_hal_lib.a(stm32f7xx_hal_sd.o)
 .text.SD_IsCardProgramming
                0x08009e30      0x200 C:\Users\Obelisk\Desktop\stm32f7Workspace\stm32f746g-disco_hal_lib\Debug\libstm32f746g-disco_hal_lib.a(stm32f7xx_hal_sd.o)
 .text.HAL_SDRAM_Init
                0x0800a030       0x68 C:\Users\Obelisk\Desktop\stm32f7Workspace\stm32f746g-disco_hal_lib\Debug\libstm32f746g-disco_hal_lib.a(stm32f7xx_hal_sdram.o)
                0x0800a030                HAL_SDRAM_Init
 .text.HAL_SDRAM_MspInit
                0x0800a098       0x14 C:\Users\Obelisk\Desktop\stm32f7Workspace\stm32f746g-disco_hal_lib\Debug\libstm32f746g-disco_hal_lib.a(stm32f7xx_hal_sdram.o)
                0x0800a098                HAL_SDRAM_MspInit
 .text.HAL_SDRAM_SendCommand
                0x0800a0ac       0x58 C:\Users\Obelisk\Desktop\stm32f7Workspace\stm32f746g-disco_hal_lib\Debug\libstm32f746g-disco_hal_lib.a(stm32f7xx_hal_sdram.o)
                0x0800a0ac                HAL_SDRAM_SendCommand
 .text.HAL_SDRAM_ProgramRefreshRate
                0x0800a104       0x40 C:\Users\Obelisk\Desktop\stm32f7Workspace\stm32f746g-disco_hal_lib\Debug\libstm32f746g-disco_hal_lib.a(stm32f7xx_hal_sdram.o)
                0x0800a104                HAL_SDRAM_ProgramRefreshRate
 .text.FMC_SDRAM_Init
                0x0800a144       0xe4 C:\Users\Obelisk\Desktop\stm32f7Workspace\stm32f746g-disco_hal_lib\Debug\libstm32f746g-disco_hal_lib.a(stm32f7xx_ll_fmc.o)
                0x0800a144                FMC_SDRAM_Init
 .text.FMC_SDRAM_Timing_Init
                0x0800a228       0xfc C:\Users\Obelisk\Desktop\stm32f7Workspace\stm32f746g-disco_hal_lib\Debug\libstm32f746g-disco_hal_lib.a(stm32f7xx_ll_fmc.o)
                0x0800a228                FMC_SDRAM_Timing_Init
 .text.FMC_SDRAM_SendCommand
                0x0800a324       0x78 C:\Users\Obelisk\Desktop\stm32f7Workspace\stm32f746g-disco_hal_lib\Debug\libstm32f746g-disco_hal_lib.a(stm32f7xx_ll_fmc.o)
                0x0800a324                FMC_SDRAM_SendCommand
 .text.FMC_SDRAM_ProgramRefreshRate
                0x0800a39c       0x28 C:\Users\Obelisk\Desktop\stm32f7Workspace\stm32f746g-disco_hal_lib\Debug\libstm32f746g-disco_hal_lib.a(stm32f7xx_ll_fmc.o)
                0x0800a39c                FMC_SDRAM_ProgramRefreshRate
 .text.SDMMC_Init
                0x0800a3c4       0x58 C:\Users\Obelisk\Desktop\stm32f7Workspace\stm32f746g-disco_hal_lib\Debug\libstm32f746g-disco_hal_lib.a(stm32f7xx_ll_sdmmc.o)
                0x0800a3c4                SDMMC_Init
 .text.SDMMC_ReadFIFO
                0x0800a41c       0x1c C:\Users\Obelisk\Desktop\stm32f7Workspace\stm32f746g-disco_hal_lib\Debug\libstm32f746g-disco_hal_lib.a(stm32f7xx_ll_sdmmc.o)
                0x0800a41c                SDMMC_ReadFIFO
 .text.SDMMC_WriteFIFO
                0x0800a438       0x24 C:\Users\Obelisk\Desktop\stm32f7Workspace\stm32f746g-disco_hal_lib\Debug\libstm32f746g-disco_hal_lib.a(stm32f7xx_ll_sdmmc.o)
                0x0800a438                SDMMC_WriteFIFO
 .text.SDMMC_PowerState_ON
                0x0800a45c       0x1c C:\Users\Obelisk\Desktop\stm32f7Workspace\stm32f746g-disco_hal_lib\Debug\libstm32f746g-disco_hal_lib.a(stm32f7xx_ll_sdmmc.o)
                0x0800a45c                SDMMC_PowerState_ON
 .text.SDMMC_GetPowerState
                0x0800a478       0x1c C:\Users\Obelisk\Desktop\stm32f7Workspace\stm32f746g-disco_hal_lib\Debug\libstm32f746g-disco_hal_lib.a(stm32f7xx_ll_sdmmc.o)
                0x0800a478                SDMMC_GetPowerState
 .text.SDMMC_SendCommand
                0x0800a494       0x54 C:\Users\Obelisk\Desktop\stm32f7Workspace\stm32f746g-disco_hal_lib\Debug\libstm32f746g-disco_hal_lib.a(stm32f7xx_ll_sdmmc.o)
                0x0800a494                SDMMC_SendCommand
 .text.SDMMC_GetCommandResponse
                0x0800a4e8       0x1c C:\Users\Obelisk\Desktop\stm32f7Workspace\stm32f746g-disco_hal_lib\Debug\libstm32f746g-disco_hal_lib.a(stm32f7xx_ll_sdmmc.o)
                0x0800a4e8                SDMMC_GetCommandResponse
 .text.SDMMC_GetResponse
                0x0800a504       0x2c C:\Users\Obelisk\Desktop\stm32f7Workspace\stm32f746g-disco_hal_lib\Debug\libstm32f746g-disco_hal_lib.a(stm32f7xx_ll_sdmmc.o)
                0x0800a504                SDMMC_GetResponse
 .text.SDMMC_DataConfig
                0x0800a530       0x58 C:\Users\Obelisk\Desktop\stm32f7Workspace\stm32f746g-disco_hal_lib\Debug\libstm32f746g-disco_hal_lib.a(stm32f7xx_ll_sdmmc.o)
                0x0800a530                SDMMC_DataConfig
 .text.__errno  0x0800a588        0xc c:/ac6/systemworkbench/plugins/fr.ac6.mcu.externaltools.arm-none.win32_1.7.0.201602121829/tools/compiler/bin/../lib/gcc/arm-none-eabi/5.2.1/../../../../arm-none-eabi/lib/armv7e-m/fpu/fpv5-sp-d16\libc.a(lib_a-errno.o)
                0x0800a588                __errno
 .text.__libc_init_array
                0x0800a594       0x50 c:/ac6/systemworkbench/plugins/fr.ac6.mcu.externaltools.arm-none.win32_1.7.0.201602121829/tools/compiler/bin/../lib/gcc/arm-none-eabi/5.2.1/../../../../arm-none-eabi/lib/armv7e-m/fpu/fpv5-sp-d16\libc.a(lib_a-init.o)
                0x0800a594                __libc_init_array
 .text.malloc   0x0800a5e4       0x10 c:/ac6/systemworkbench/plugins/fr.ac6.mcu.externaltools.arm-none.win32_1.7.0.201602121829/tools/compiler/bin/../lib/gcc/arm-none-eabi/5.2.1/../../../../arm-none-eabi/lib/armv7e-m/fpu/fpv5-sp-d16\libc.a(lib_a-malloc.o)
                0x0800a5e4                malloc
 .text.free     0x0800a5f4       0x10 c:/ac6/systemworkbench/plugins/fr.ac6.mcu.externaltools.arm-none.win32_1.7.0.201602121829/tools/compiler/bin/../lib/gcc/arm-none-eabi/5.2.1/../../../../arm-none-eabi/lib/armv7e-m/fpu/fpv5-sp-d16\libc.a(lib_a-malloc.o)
                0x0800a5f4                free
 .text._malloc_r
                0x0800a604      0x570 c:/ac6/systemworkbench/plugins/fr.ac6.mcu.externaltools.arm-none.win32_1.7.0.201602121829/tools/compiler/bin/../lib/gcc/arm-none-eabi/5.2.1/../../../../arm-none-eabi/lib/armv7e-m/fpu/fpv5-sp-d16\libc.a(lib_a-mallocr.o)
                0x0800a604                _malloc_r
 .text.__malloc_lock
                0x0800ab74        0x4 c:/ac6/systemworkbench/plugins/fr.ac6.mcu.externaltools.arm-none.win32_1.7.0.201602121829/tools/compiler/bin/../lib/gcc/arm-none-eabi/5.2.1/../../../../arm-none-eabi/lib/armv7e-m/fpu/fpv5-sp-d16\libc.a(lib_a-mlock.o)
                0x0800ab74                __malloc_lock
 .text.__malloc_unlock
                0x0800ab78        0x4 c:/ac6/systemworkbench/plugins/fr.ac6.mcu.externaltools.arm-none.win32_1.7.0.201602121829/tools/compiler/bin/../lib/gcc/arm-none-eabi/5.2.1/../../../../arm-none-eabi/lib/armv7e-m/fpu/fpv5-sp-d16\libc.a(lib_a-mlock.o)
                0x0800ab78                __malloc_unlock
 .text._sbrk_r  0x0800ab7c       0x24 c:/ac6/systemworkbench/plugins/fr.ac6.mcu.externaltools.arm-none.win32_1.7.0.201602121829/tools/compiler/bin/../lib/gcc/arm-none-eabi/5.2.1/../../../../arm-none-eabi/lib/armv7e-m/fpu/fpv5-sp-d16\libc.a(lib_a-sbrkr.o)
                0x0800ab7c                _sbrk_r
 .text.startup.register_fini
                0x0800aba0       0x14 c:/ac6/systemworkbench/plugins/fr.ac6.mcu.externaltools.arm-none.win32_1.7.0.201602121829/tools/compiler/bin/../lib/gcc/arm-none-eabi/5.2.1/../../../../arm-none-eabi/lib/armv7e-m/fpu/fpv5-sp-d16\libc.a(lib_a-__call_atexit.o)
 .text.atexit   0x0800abb4        0xc c:/ac6/systemworkbench/plugins/fr.ac6.mcu.externaltools.arm-none.win32_1.7.0.201602121829/tools/compiler/bin/../lib/gcc/arm-none-eabi/5.2.1/../../../../arm-none-eabi/lib/armv7e-m/fpu/fpv5-sp-d16\libc.a(lib_a-atexit.o)
                0x0800abb4                atexit
 .text.__libc_fini_array
                0x0800abc0       0x28 c:/ac6/systemworkbench/plugins/fr.ac6.mcu.externaltools.arm-none.win32_1.7.0.201602121829/tools/compiler/bin/../lib/gcc/arm-none-eabi/5.2.1/../../../../arm-none-eabi/lib/armv7e-m/fpu/fpv5-sp-d16\libc.a(lib_a-fini.o)
                0x0800abc0                __libc_fini_array
 .text._malloc_trim_r
                0x0800abe8       0x9c c:/ac6/systemworkbench/plugins/fr.ac6.mcu.externaltools.arm-none.win32_1.7.0.201602121829/tools/compiler/bin/../lib/gcc/arm-none-eabi/5.2.1/../../../../arm-none-eabi/lib/armv7e-m/fpu/fpv5-sp-d16\libc.a(lib_a-freer.o)
                0x0800abe8                _malloc_trim_r
 .text._free_r  0x0800ac84      0x1d0 c:/ac6/systemworkbench/plugins/fr.ac6.mcu.externaltools.arm-none.win32_1.7.0.201602121829/tools/compiler/bin/../lib/gcc/arm-none-eabi/5.2.1/../../../../arm-none-eabi/lib/armv7e-m/fpu/fpv5-sp-d16\libc.a(lib_a-freer.o)
                0x0800ac84                _free_r
 .text.__register_exitproc
                0x0800ae54       0xa4 c:/ac6/systemworkbench/plugins/fr.ac6.mcu.externaltools.arm-none.win32_1.7.0.201602121829/tools/compiler/bin/../lib/gcc/arm-none-eabi/5.2.1/../../../../arm-none-eabi/lib/armv7e-m/fpu/fpv5-sp-d16\libc.a(lib_a-__atexit.o)
                0x0800ae54                __register_exitproc
 *(.glue_7)
 .glue_7        0x0800aef8        0x0 linker stubs
 *(.glue_7t)
 .glue_7t       0x0800aef8        0x0 linker stubs
 *(.eh_frame)
 .eh_frame      0x0800aef8        0x0 c:/ac6/systemworkbench/plugins/fr.ac6.mcu.externaltools.arm-none.win32_1.7.0.201602121829/tools/compiler/bin/../lib/gcc/arm-none-eabi/5.2.1/armv7e-m/fpu/fpv5-sp-d16/crtbegin.o
 *(.init)
 .init          0x0800aef8        0x4 c:/ac6/systemworkbench/plugins/fr.ac6.mcu.externaltools.arm-none.win32_1.7.0.201602121829/tools/compiler/bin/../lib/gcc/arm-none-eabi/5.2.1/armv7e-m/fpu/fpv5-sp-d16/crti.o
                0x0800aef8                _init
 .init          0x0800aefc        0x8 c:/ac6/systemworkbench/plugins/fr.ac6.mcu.externaltools.arm-none.win32_1.7.0.201602121829/tools/compiler/bin/../lib/gcc/arm-none-eabi/5.2.1/armv7e-m/fpu/fpv5-sp-d16/crtn.o
 *(.fini)
 .fini          0x0800af04        0x4 c:/ac6/systemworkbench/plugins/fr.ac6.mcu.externaltools.arm-none.win32_1.7.0.201602121829/tools/compiler/bin/../lib/gcc/arm-none-eabi/5.2.1/armv7e-m/fpu/fpv5-sp-d16/crti.o
                0x0800af04                _fini
 .fini          0x0800af08        0x8 c:/ac6/systemworkbench/plugins/fr.ac6.mcu.externaltools.arm-none.win32_1.7.0.201602121829/tools/compiler/bin/../lib/gcc/arm-none-eabi/5.2.1/armv7e-m/fpu/fpv5-sp-d16/crtn.o
                0x0800af10                . = ALIGN (0x4)
                0x0800af10                _etext = .

.vfp11_veneer   0x0800af10        0x0
 .vfp11_veneer  0x0800af10        0x0 linker stubs

.v4_bx          0x0800af10        0x0
 .v4_bx         0x0800af10        0x0 linker stubs

.iplt           0x0800af10        0x0
 .iplt          0x0800af10        0x0 c:/ac6/systemworkbench/plugins/fr.ac6.mcu.externaltools.arm-none.win32_1.7.0.201602121829/tools/compiler/bin/../lib/gcc/arm-none-eabi/5.2.1/armv7e-m/fpu/fpv5-sp-d16/crtbegin.o

.rodata         0x0800af10     0x4374
                0x0800af10                . = ALIGN (0x4)
 *(.rodata)
 .rodata        0x0800af10       0x14 Middlewares\Third_Party\FatFs\src\drivers\sd_diskio.o
                0x0800af10                SD_Driver
 .rodata        0x0800af24      0x106 Middlewares\Third_Party\FatFs\src\ff.o
 *fill*         0x0800b02a        0x2 
 .rodata        0x0800b02c      0x4c0 Middlewares\Third_Party\FatFs\src\option\unicode.o
 .rodata        0x0800b4ec       0x99 src\main.o
 *fill*         0x0800b585        0x3 
 .rodata        0x0800b588       0x10 C:\Users\Obelisk\Desktop\stm32f7Workspace\stm32f746g-disco_hal_lib\Debug\libstm32f746g-disco_hal_lib.a(stm32f7xx_hal_rcc.o)
                0x0800b588                APBAHBPrescTable
 .rodata        0x0800b598     0x3cdc C:\Users\Obelisk\Desktop\stm32f7Workspace\stm32f746g-disco_hal_lib\Debug\libstm32f746g-disco_hal_lib.a(stm32746g_discovery_lcd.o)
                0x0800b598                Font24_Table
                0x0800d050                Font20_Table
                0x0800df28                Font16_Table
                0x0800eb08                Font12_Table
                0x0800ef7c                Font8_Table
 .rodata        0x0800f274        0x8 C:\Users\Obelisk\Desktop\stm32f7Workspace\stm32f746g-disco_hal_lib\Debug\libstm32f746g-disco_hal_lib.a(stm32f7xx_hal_dma.o)
 *(.rodata*)
 .rodata.str1.4
                0x0800f27c        0x4 c:/ac6/systemworkbench/plugins/fr.ac6.mcu.externaltools.arm-none.win32_1.7.0.201602121829/tools/compiler/bin/../lib/gcc/arm-none-eabi/5.2.1/../../../../arm-none-eabi/lib/armv7e-m/fpu/fpv5-sp-d16\libc.a(lib_a-impure.o)
                                  0x2 (size before relaxing)
 .rodata._global_impure_ptr
                0x0800f280        0x4 c:/ac6/systemworkbench/plugins/fr.ac6.mcu.externaltools.arm-none.win32_1.7.0.201602121829/tools/compiler/bin/../lib/gcc/arm-none-eabi/5.2.1/../../../../arm-none-eabi/lib/armv7e-m/fpu/fpv5-sp-d16\libc.a(lib_a-impure.o)
                0x0800f280                _global_impure_ptr
                0x0800f284                . = ALIGN (0x4)

.rel.dyn        0x0800f284        0x0
 .rel.iplt      0x0800f284        0x0 c:/ac6/systemworkbench/plugins/fr.ac6.mcu.externaltools.arm-none.win32_1.7.0.201602121829/tools/compiler/bin/../lib/gcc/arm-none-eabi/5.2.1/armv7e-m/fpu/fpv5-sp-d16/crtbegin.o

.ARM.extab
 *(.ARM.extab* .gnu.linkonce.armextab.*)

.ARM            0x0800f284        0x0
                0x0800f284                __exidx_start = .
 *(.ARM.exidx*)
                0x0800f284                __exidx_end = .

.preinit_array  0x0800f284        0x0
                0x0800f284                PROVIDE (__preinit_array_start, .)
 *(.preinit_array*)
                0x0800f284                PROVIDE (__preinit_array_end, .)

.init_array     0x0800f284        0x8
                0x0800f284                PROVIDE (__init_array_start, .)
 *(SORT(.init_array.*))
 .init_array.00000
                0x0800f284        0x4 c:/ac6/systemworkbench/plugins/fr.ac6.mcu.externaltools.arm-none.win32_1.7.0.201602121829/tools/compiler/bin/../lib/gcc/arm-none-eabi/5.2.1/../../../../arm-none-eabi/lib/armv7e-m/fpu/fpv5-sp-d16\libc.a(lib_a-__call_atexit.o)
 *(.init_array*)
 .init_array    0x0800f288        0x4 c:/ac6/systemworkbench/plugins/fr.ac6.mcu.externaltools.arm-none.win32_1.7.0.201602121829/tools/compiler/bin/../lib/gcc/arm-none-eabi/5.2.1/armv7e-m/fpu/fpv5-sp-d16/crtbegin.o
                0x0800f28c                PROVIDE (__init_array_end, .)

.fini_array     0x0800f28c        0x4
                0x0800f28c                PROVIDE (__fini_array_start, .)
 *(SORT(.fini_array.*))
 *(.fini_array*)
 .fini_array    0x0800f28c        0x4 c:/ac6/systemworkbench/plugins/fr.ac6.mcu.externaltools.arm-none.win32_1.7.0.201602121829/tools/compiler/bin/../lib/gcc/arm-none-eabi/5.2.1/armv7e-m/fpu/fpv5-sp-d16/crtbegin.o
                0x0800f290                PROVIDE (__fini_array_end, .)
                0x0800f290                _sidata = LOADADDR (.data)

.data           0x20000000      0x884 load address 0x0800f290
                0x20000000                . = ALIGN (0x4)
                0x20000000                _sdata = .
 *(.data)
 .data          0x20000000        0x1 Middlewares\Third_Party\FatFs\src\drivers\sd_diskio.o
 *fill*         0x20000001        0x3 
 .data          0x20000004       0x14 src\system_stm32f7xx.o
                0x20000004                SystemCoreClock
                0x20000008                AHBPrescTable
 .data          0x20000018       0x28 C:\Users\Obelisk\Desktop\stm32f7Workspace\stm32f746g-disco_hal_lib\Debug\libstm32f746g-disco_hal_lib.a(stm32746g_discovery_lcd.o)
                0x20000018                Font24
                0x20000020                Font20
                0x20000028                Font16
                0x20000030                Font12
                0x20000038                Font8
 .data          0x20000040        0x2 C:\Users\Obelisk\Desktop\stm32f7Workspace\stm32f746g-disco_hal_lib\Debug\libstm32f746g-disco_hal_lib.a(stm32746g_discovery_sdram.o)
 *(.data*)
 *fill*         0x20000042        0x6 
 .data.impure_data
                0x20000048      0x428 c:/ac6/systemworkbench/plugins/fr.ac6.mcu.externaltools.arm-none.win32_1.7.0.201602121829/tools/compiler/bin/../lib/gcc/arm-none-eabi/5.2.1/../../../../arm-none-eabi/lib/armv7e-m/fpu/fpv5-sp-d16\libc.a(lib_a-impure.o)
 .data._impure_ptr
                0x20000470        0x4 c:/ac6/systemworkbench/plugins/fr.ac6.mcu.externaltools.arm-none.win32_1.7.0.201602121829/tools/compiler/bin/../lib/gcc/arm-none-eabi/5.2.1/../../../../arm-none-eabi/lib/armv7e-m/fpu/fpv5-sp-d16\libc.a(lib_a-impure.o)
                0x20000470                _impure_ptr
 .data.__malloc_av_
                0x20000474      0x408 c:/ac6/systemworkbench/plugins/fr.ac6.mcu.externaltools.arm-none.win32_1.7.0.201602121829/tools/compiler/bin/../lib/gcc/arm-none-eabi/5.2.1/../../../../arm-none-eabi/lib/armv7e-m/fpu/fpv5-sp-d16\libc.a(lib_a-mallocr.o)
                0x20000474                __malloc_av_
 .data.__malloc_trim_threshold
                0x2000087c        0x4 c:/ac6/systemworkbench/plugins/fr.ac6.mcu.externaltools.arm-none.win32_1.7.0.201602121829/tools/compiler/bin/../lib/gcc/arm-none-eabi/5.2.1/../../../../arm-none-eabi/lib/armv7e-m/fpu/fpv5-sp-d16\libc.a(lib_a-mallocr.o)
                0x2000087c                __malloc_trim_threshold
 .data.__malloc_sbrk_base
                0x20000880        0x4 c:/ac6/systemworkbench/plugins/fr.ac6.mcu.externaltools.arm-none.win32_1.7.0.201602121829/tools/compiler/bin/../lib/gcc/arm-none-eabi/5.2.1/../../../../arm-none-eabi/lib/armv7e-m/fpu/fpv5-sp-d16\libc.a(lib_a-mallocr.o)
                0x20000880                __malloc_sbrk_base
                0x20000884                . = ALIGN (0x4)
                0x20000884                _edata = .

.jcr            0x20000884        0x0 load address 0x0800fb14
 .jcr           0x20000884        0x0 c:/ac6/systemworkbench/plugins/fr.ac6.mcu.externaltools.arm-none.win32_1.7.0.201602121829/tools/compiler/bin/../lib/gcc/arm-none-eabi/5.2.1/armv7e-m/fpu/fpv5-sp-d16/crtbegin.o

.tm_clone_table
                0x20000884        0x0 load address 0x0800fb14
 .tm_clone_table
                0x20000884        0x0 c:/ac6/systemworkbench/plugins/fr.ac6.mcu.externaltools.arm-none.win32_1.7.0.201602121829/tools/compiler/bin/../lib/gcc/arm-none-eabi/5.2.1/armv7e-m/fpu/fpv5-sp-d16/crtbegin.o
 .tm_clone_table
                0x20000884        0x0 c:/ac6/systemworkbench/plugins/fr.ac6.mcu.externaltools.arm-none.win32_1.7.0.201602121829/tools/compiler/bin/../lib/gcc/arm-none-eabi/5.2.1/armv7e-m/fpu/fpv5-sp-d16/crtend.o

.igot.plt       0x20000884        0x0 load address 0x0800fb14
 .igot.plt      0x20000884        0x0 c:/ac6/systemworkbench/plugins/fr.ac6.mcu.externaltools.arm-none.win32_1.7.0.201602121829/tools/compiler/bin/../lib/gcc/arm-none-eabi/5.2.1/armv7e-m/fpu/fpv5-sp-d16/crtbegin.o
                0x20000884                . = ALIGN (0x4)

.bss            0x20000888      0x9a0 load address 0x0800fb14
                0x20000888                _sbss = .
                0x20000888                __bss_start__ = _sbss
 *(.bss)
 .bss           0x20000888       0x1c c:/ac6/systemworkbench/plugins/fr.ac6.mcu.externaltools.arm-none.win32_1.7.0.201602121829/tools/compiler/bin/../lib/gcc/arm-none-eabi/5.2.1/armv7e-m/fpu/fpv5-sp-d16/crtbegin.o
 .bss           0x200008a4       0x20 Middlewares\Third_Party\FatFs\src\ff.o
 .bss           0x200008c4        0xc Middlewares\Third_Party\FatFs\src\ff_gen_drv.o
                0x200008c4                disk
 .bss           0x200008d0        0x8 src\syscalls.o
                0x200008d0                __env
 .bss           0x200008d8        0x4 C:\Users\Obelisk\Desktop\stm32f7Workspace\stm32f746g-disco_hal_lib\Debug\libstm32f746g-disco_hal_lib.a(stm32f7xx_hal.o)
 .bss           0x200008dc      0x188 C:\Users\Obelisk\Desktop\stm32f7Workspace\stm32f746g-disco_hal_lib\Debug\libstm32f746g-disco_hal_lib.a(stm32746g_discovery_lcd.o)
 *fill*         0x20000a64        0x4 
 .bss           0x20000a68      0x218 C:\Users\Obelisk\Desktop\stm32f7Workspace\stm32f746g-disco_hal_lib\Debug\libstm32f746g-disco_hal_lib.a(stm32746g_discovery_sd.o)
 .bss           0x20000c80      0x110 C:\Users\Obelisk\Desktop\stm32f7Workspace\stm32f746g-disco_hal_lib\Debug\libstm32f746g-disco_hal_lib.a(stm32746g_discovery_sdram.o)
 *(.bss*)
 .bss.__malloc_max_total_mem
                0x20000d90        0x4 c:/ac6/systemworkbench/plugins/fr.ac6.mcu.externaltools.arm-none.win32_1.7.0.201602121829/tools/compiler/bin/../lib/gcc/arm-none-eabi/5.2.1/../../../../arm-none-eabi/lib/armv7e-m/fpu/fpv5-sp-d16\libc.a(lib_a-mallocr.o)
                0x20000d90                __malloc_max_total_mem
 .bss.__malloc_max_sbrked_mem
                0x20000d94        0x4 c:/ac6/systemworkbench/plugins/fr.ac6.mcu.externaltools.arm-none.win32_1.7.0.201602121829/tools/compiler/bin/../lib/gcc/arm-none-eabi/5.2.1/../../../../arm-none-eabi/lib/armv7e-m/fpu/fpv5-sp-d16\libc.a(lib_a-mallocr.o)
                0x20000d94                __malloc_max_sbrked_mem
 .bss.__malloc_top_pad
                0x20000d98        0x4 c:/ac6/systemworkbench/plugins/fr.ac6.mcu.externaltools.arm-none.win32_1.7.0.201602121829/tools/compiler/bin/../lib/gcc/arm-none-eabi/5.2.1/../../../../arm-none-eabi/lib/armv7e-m/fpu/fpv5-sp-d16\libc.a(lib_a-mallocr.o)
                0x20000d98                __malloc_top_pad
 .bss.__malloc_current_mallinfo
                0x20000d9c       0x28 c:/ac6/systemworkbench/plugins/fr.ac6.mcu.externaltools.arm-none.win32_1.7.0.201602121829/tools/compiler/bin/../lib/gcc/arm-none-eabi/5.2.1/../../../../arm-none-eabi/lib/armv7e-m/fpu/fpv5-sp-d16\libc.a(lib_a-mallocr.o)
                0x20000d9c                __malloc_current_mallinfo
 *(COMMON)
 COMMON         0x20000dc4      0x460 src\main.o
                0x20000dc4                SDPath
                0x20000dc8                SDFatFs
                0x20000ff8                MyFile
 COMMON         0x20001224        0x4 c:/ac6/systemworkbench/plugins/fr.ac6.mcu.externaltools.arm-none.win32_1.7.0.201602121829/tools/compiler/bin/../lib/gcc/arm-none-eabi/5.2.1/../../../../arm-none-eabi/lib/armv7e-m/fpu/fpv5-sp-d16\libc.a(lib_a-reent.o)
                0x20001224                errno
                0x20001228                . = ALIGN (0x4)
                0x20001228                _ebss = .
                0x20001228                __bss_end__ = _ebss

._user_heap_stack
                0x20001228      0x600 load address 0x0800fb14
                0x20001228                . = ALIGN (0x8)
                0x20001228                PROVIDE (end, .)
                [!provide]                PROVIDE (_end, .)
                0x20001428                . = (. + _Min_Heap_Size)
 *fill*         0x20001228      0x200 
                0x20001828                . = (. + _Min_Stack_Size)
 *fill*         0x20001428      0x400 
                0x20001828                . = ALIGN (0x8)

/DISCARD/
 libc.a(*)
 libm.a(*)
 libgcc.a(*)

.ARM.attributes
                0x00000000       0x30
 *(.ARM.attributes)
 .ARM.attributes
                0x00000000       0x22 c:/ac6/systemworkbench/plugins/fr.ac6.mcu.externaltools.arm-none.win32_1.7.0.201602121829/tools/compiler/bin/../lib/gcc/arm-none-eabi/5.2.1/armv7e-m/fpu/fpv5-sp-d16/crti.o
 .ARM.attributes
                0x00000022       0x34 c:/ac6/systemworkbench/plugins/fr.ac6.mcu.externaltools.arm-none.win32_1.7.0.201602121829/tools/compiler/bin/../lib/gcc/arm-none-eabi/5.2.1/armv7e-m/fpu/fpv5-sp-d16/crtbegin.o
 .ARM.attributes
                0x00000056       0x39 Middlewares\Third_Party\FatFs\src\diskio.o
 .ARM.attributes
                0x0000008f       0x39 Middlewares\Third_Party\FatFs\src\drivers\sd_diskio.o
 .ARM.attributes
                0x000000c8       0x39 Middlewares\Third_Party\FatFs\src\ff.o
 .ARM.attributes
                0x00000101       0x39 Middlewares\Third_Party\FatFs\src\ff_gen_drv.o
 .ARM.attributes
                0x0000013a       0x39 Middlewares\Third_Party\FatFs\src\option\syscall.o
 .ARM.attributes
                0x00000173       0x39 Middlewares\Third_Party\FatFs\src\option\unicode.o
 .ARM.attributes
                0x000001ac       0x39 src\main.o
 .ARM.attributes
                0x000001e5       0x39 src\stm32f7xx_it.o
 .ARM.attributes
                0x0000021e       0x39 src\syscalls.o
 .ARM.attributes
                0x00000257       0x39 src\system_stm32f7xx.o
 .ARM.attributes
                0x00000290       0x21 startup\startup_stm32f746xx.o
 .ARM.attributes
                0x000002b1       0x39 C:\Users\Obelisk\Desktop\stm32f7Workspace\stm32f746g-disco_hal_lib\Debug\libstm32f746g-disco_hal_lib.a(stm32f7xx_hal.o)
 .ARM.attributes
                0x000002ea       0x39 C:\Users\Obelisk\Desktop\stm32f7Workspace\stm32f746g-disco_hal_lib\Debug\libstm32f746g-disco_hal_lib.a(stm32f7xx_hal_cortex.o)
 .ARM.attributes
                0x00000323       0x39 C:\Users\Obelisk\Desktop\stm32f7Workspace\stm32f746g-disco_hal_lib\Debug\libstm32f746g-disco_hal_lib.a(stm32f7xx_hal_pwr_ex.o)
 .ARM.attributes
                0x0000035c       0x39 C:\Users\Obelisk\Desktop\stm32f7Workspace\stm32f746g-disco_hal_lib\Debug\libstm32f746g-disco_hal_lib.a(stm32f7xx_hal_rcc.o)
 .ARM.attributes
                0x00000395       0x39 C:\Users\Obelisk\Desktop\stm32f7Workspace\stm32f746g-disco_hal_lib\Debug\libstm32f746g-disco_hal_lib.a(stm32746g_discovery_lcd.o)
 .ARM.attributes
                0x000003ce       0x39 C:\Users\Obelisk\Desktop\stm32f7Workspace\stm32f746g-disco_hal_lib\Debug\libstm32f746g-disco_hal_lib.a(stm32746g_discovery_sd.o)
 .ARM.attributes
                0x00000407       0x39 C:\Users\Obelisk\Desktop\stm32f7Workspace\stm32f746g-disco_hal_lib\Debug\libstm32f746g-disco_hal_lib.a(stm32746g_discovery_sdram.o)
 .ARM.attributes
                0x00000440       0x39 C:\Users\Obelisk\Desktop\stm32f7Workspace\stm32f746g-disco_hal_lib\Debug\libstm32f746g-disco_hal_lib.a(stm32f7xx_hal_dma.o)
 .ARM.attributes
                0x00000479       0x39 C:\Users\Obelisk\Desktop\stm32f7Workspace\stm32f746g-disco_hal_lib\Debug\libstm32f746g-disco_hal_lib.a(stm32f7xx_hal_dma2d.o)
 .ARM.attributes
                0x000004b2       0x39 C:\Users\Obelisk\Desktop\stm32f7Workspace\stm32f746g-disco_hal_lib\Debug\libstm32f746g-disco_hal_lib.a(stm32f7xx_hal_gpio.o)
 .ARM.attributes
                0x000004eb       0x39 C:\Users\Obelisk\Desktop\stm32f7Workspace\stm32f746g-disco_hal_lib\Debug\libstm32f746g-disco_hal_lib.a(stm32f7xx_hal_ltdc.o)
 .ARM.attributes
                0x00000524       0x39 C:\Users\Obelisk\Desktop\stm32f7Workspace\stm32f746g-disco_hal_lib\Debug\libstm32f746g-disco_hal_lib.a(stm32f7xx_hal_rcc_ex.o)
 .ARM.attributes
                0x0000055d       0x39 C:\Users\Obelisk\Desktop\stm32f7Workspace\stm32f746g-disco_hal_lib\Debug\libstm32f746g-disco_hal_lib.a(stm32f7xx_hal_sd.o)
 .ARM.attributes
                0x00000596       0x39 C:\Users\Obelisk\Desktop\stm32f7Workspace\stm32f746g-disco_hal_lib\Debug\libstm32f746g-disco_hal_lib.a(stm32f7xx_hal_sdram.o)
 .ARM.attributes
                0x000005cf       0x39 C:\Users\Obelisk\Desktop\stm32f7Workspace\stm32f746g-disco_hal_lib\Debug\libstm32f746g-disco_hal_lib.a(stm32f7xx_ll_fmc.o)
 .ARM.attributes
                0x00000608       0x39 C:\Users\Obelisk\Desktop\stm32f7Workspace\stm32f746g-disco_hal_lib\Debug\libstm32f746g-disco_hal_lib.a(stm32f7xx_ll_sdmmc.o)
 .ARM.attributes
                0x00000641       0x34 c:/ac6/systemworkbench/plugins/fr.ac6.mcu.externaltools.arm-none.win32_1.7.0.201602121829/tools/compiler/bin/../lib/gcc/arm-none-eabi/5.2.1/../../../../arm-none-eabi/lib/armv7e-m/fpu/fpv5-sp-d16\libc.a(lib_a-errno.o)
 .ARM.attributes
                0x00000675       0x34 c:/ac6/systemworkbench/plugins/fr.ac6.mcu.externaltools.arm-none.win32_1.7.0.201602121829/tools/compiler/bin/../lib/gcc/arm-none-eabi/5.2.1/../../../../arm-none-eabi/lib/armv7e-m/fpu/fpv5-sp-d16\libc.a(lib_a-impure.o)
 .ARM.attributes
                0x000006a9       0x34 c:/ac6/systemworkbench/plugins/fr.ac6.mcu.externaltools.arm-none.win32_1.7.0.201602121829/tools/compiler/bin/../lib/gcc/arm-none-eabi/5.2.1/../../../../arm-none-eabi/lib/armv7e-m/fpu/fpv5-sp-d16\libc.a(lib_a-init.o)
 .ARM.attributes
                0x000006dd       0x34 c:/ac6/systemworkbench/plugins/fr.ac6.mcu.externaltools.arm-none.win32_1.7.0.201602121829/tools/compiler/bin/../lib/gcc/arm-none-eabi/5.2.1/../../../../arm-none-eabi/lib/armv7e-m/fpu/fpv5-sp-d16\libc.a(lib_a-malloc.o)
 .ARM.attributes
                0x00000711       0x34 c:/ac6/systemworkbench/plugins/fr.ac6.mcu.externaltools.arm-none.win32_1.7.0.201602121829/tools/compiler/bin/../lib/gcc/arm-none-eabi/5.2.1/../../../../arm-none-eabi/lib/armv7e-m/fpu/fpv5-sp-d16\libc.a(lib_a-mallocr.o)
 .ARM.attributes
                0x00000745       0x34 c:/ac6/systemworkbench/plugins/fr.ac6.mcu.externaltools.arm-none.win32_1.7.0.201602121829/tools/compiler/bin/../lib/gcc/arm-none-eabi/5.2.1/../../../../arm-none-eabi/lib/armv7e-m/fpu/fpv5-sp-d16\libc.a(lib_a-mlock.o)
 .ARM.attributes
                0x00000779       0x34 c:/ac6/systemworkbench/plugins/fr.ac6.mcu.externaltools.arm-none.win32_1.7.0.201602121829/tools/compiler/bin/../lib/gcc/arm-none-eabi/5.2.1/../../../../arm-none-eabi/lib/armv7e-m/fpu/fpv5-sp-d16\libc.a(lib_a-sbrkr.o)
 .ARM.attributes
                0x000007ad       0x34 c:/ac6/systemworkbench/plugins/fr.ac6.mcu.externaltools.arm-none.win32_1.7.0.201602121829/tools/compiler/bin/../lib/gcc/arm-none-eabi/5.2.1/../../../../arm-none-eabi/lib/armv7e-m/fpu/fpv5-sp-d16\libc.a(lib_a-__call_atexit.o)
 .ARM.attributes
                0x000007e1       0x34 c:/ac6/systemworkbench/plugins/fr.ac6.mcu.externaltools.arm-none.win32_1.7.0.201602121829/tools/compiler/bin/../lib/gcc/arm-none-eabi/5.2.1/../../../../arm-none-eabi/lib/armv7e-m/fpu/fpv5-sp-d16\libc.a(lib_a-atexit.o)
 .ARM.attributes
                0x00000815       0x34 c:/ac6/systemworkbench/plugins/fr.ac6.mcu.externaltools.arm-none.win32_1.7.0.201602121829/tools/compiler/bin/../lib/gcc/arm-none-eabi/5.2.1/../../../../arm-none-eabi/lib/armv7e-m/fpu/fpv5-sp-d16\libc.a(lib_a-fini.o)
 .ARM.attributes
                0x00000849       0x34 c:/ac6/systemworkbench/plugins/fr.ac6.mcu.externaltools.arm-none.win32_1.7.0.201602121829/tools/compiler/bin/../lib/gcc/arm-none-eabi/5.2.1/../../../../arm-none-eabi/lib/armv7e-m/fpu/fpv5-sp-d16\libc.a(lib_a-freer.o)
 .ARM.attributes
                0x0000087d       0x34 c:/ac6/systemworkbench/plugins/fr.ac6.mcu.externaltools.arm-none.win32_1.7.0.201602121829/tools/compiler/bin/../lib/gcc/arm-none-eabi/5.2.1/../../../../arm-none-eabi/lib/armv7e-m/fpu/fpv5-sp-d16\libc.a(lib_a-reent.o)
 .ARM.attributes
                0x000008b1       0x34 c:/ac6/systemworkbench/plugins/fr.ac6.mcu.externaltools.arm-none.win32_1.7.0.201602121829/tools/compiler/bin/../lib/gcc/arm-none-eabi/5.2.1/../../../../arm-none-eabi/lib/armv7e-m/fpu/fpv5-sp-d16\libc.a(lib_a-__atexit.o)
 .ARM.attributes
                0x000008e5       0x34 c:/ac6/systemworkbench/plugins/fr.ac6.mcu.externaltools.arm-none.win32_1.7.0.201602121829/tools/compiler/bin/../lib/gcc/arm-none-eabi/5.2.1/armv7e-m/fpu/fpv5-sp-d16/crtend.o
 .ARM.attributes
                0x00000919       0x22 c:/ac6/systemworkbench/plugins/fr.ac6.mcu.externaltools.arm-none.win32_1.7.0.201602121829/tools/compiler/bin/../lib/gcc/arm-none-eabi/5.2.1/armv7e-m/fpu/fpv5-sp-d16/crtn.o
OUTPUT(uSDprj.elf elf32-littlearm)

.debug_info     0x00000000    0x12d75
 .debug_info    0x00000000      0x410 Middlewares\Third_Party\FatFs\src\diskio.o
 .debug_info    0x00000410      0x6b7 Middlewares\Third_Party\FatFs\src\drivers\sd_diskio.o
 .debug_info    0x00000ac7     0x24af Middlewares\Third_Party\FatFs\src\ff.o
 .debug_info    0x00002f76      0x3c4 Middlewares\Third_Party\FatFs\src\ff_gen_drv.o
 .debug_info    0x0000333a      0x105 Middlewares\Third_Party\FatFs\src\option\syscall.o
 .debug_info    0x0000343f      0x1ba Middlewares\Third_Party\FatFs\src\option\unicode.o
 .debug_info    0x000035f9      0xc61 src\main.o
 .debug_info    0x0000425a       0xbd src\stm32f7xx_it.o
 .debug_info    0x00004317      0x667 src\syscalls.o
 .debug_info    0x0000497e      0x6a9 src\system_stm32f7xx.o
 .debug_info    0x00005027       0x7d startup\startup_stm32f746xx.o
 .debug_info    0x000050a4      0x8bb C:\Users\Obelisk\Desktop\stm32f7Workspace\stm32f746g-disco_hal_lib\Debug\libstm32f746g-disco_hal_lib.a(stm32f7xx_hal.o)
 .debug_info    0x0000595f      0xf3d C:\Users\Obelisk\Desktop\stm32f7Workspace\stm32f746g-disco_hal_lib\Debug\libstm32f746g-disco_hal_lib.a(stm32f7xx_hal_cortex.o)
 .debug_info    0x0000689c      0x8fa C:\Users\Obelisk\Desktop\stm32f7Workspace\stm32f746g-disco_hal_lib\Debug\libstm32f746g-disco_hal_lib.a(stm32f7xx_hal_pwr_ex.o)
 .debug_info    0x00007196      0xb51 C:\Users\Obelisk\Desktop\stm32f7Workspace\stm32f746g-disco_hal_lib\Debug\libstm32f746g-disco_hal_lib.a(stm32f7xx_hal_rcc.o)
 .debug_info    0x00007ce7     0x201b C:\Users\Obelisk\Desktop\stm32f7Workspace\stm32f746g-disco_hal_lib\Debug\libstm32f746g-disco_hal_lib.a(stm32746g_discovery_lcd.o)
 .debug_info    0x00009d02     0x13ad C:\Users\Obelisk\Desktop\stm32f7Workspace\stm32f746g-disco_hal_lib\Debug\libstm32f746g-disco_hal_lib.a(stm32746g_discovery_sd.o)
 .debug_info    0x0000b0af      0xe9b C:\Users\Obelisk\Desktop\stm32f7Workspace\stm32f746g-disco_hal_lib\Debug\libstm32f746g-disco_hal_lib.a(stm32746g_discovery_sdram.o)
 .debug_info    0x0000bf4a      0x703 C:\Users\Obelisk\Desktop\stm32f7Workspace\stm32f746g-disco_hal_lib\Debug\libstm32f746g-disco_hal_lib.a(stm32f7xx_hal_dma.o)
 .debug_info    0x0000c64d      0xa40 C:\Users\Obelisk\Desktop\stm32f7Workspace\stm32f746g-disco_hal_lib\Debug\libstm32f746g-disco_hal_lib.a(stm32f7xx_hal_dma2d.o)
 .debug_info    0x0000d08d      0x736 C:\Users\Obelisk\Desktop\stm32f7Workspace\stm32f746g-disco_hal_lib\Debug\libstm32f746g-disco_hal_lib.a(stm32f7xx_hal_gpio.o)
 .debug_info    0x0000d7c3      0xbde C:\Users\Obelisk\Desktop\stm32f7Workspace\stm32f746g-disco_hal_lib\Debug\libstm32f746g-disco_hal_lib.a(stm32f7xx_hal_ltdc.o)
 .debug_info    0x0000e3a1     0x1021 C:\Users\Obelisk\Desktop\stm32f7Workspace\stm32f746g-disco_hal_lib\Debug\libstm32f746g-disco_hal_lib.a(stm32f7xx_hal_rcc_ex.o)
 .debug_info    0x0000f3c2     0x1b4b C:\Users\Obelisk\Desktop\stm32f7Workspace\stm32f746g-disco_hal_lib\Debug\libstm32f746g-disco_hal_lib.a(stm32f7xx_hal_sd.o)
 .debug_info    0x00010f0d      0xc0e C:\Users\Obelisk\Desktop\stm32f7Workspace\stm32f746g-disco_hal_lib\Debug\libstm32f746g-disco_hal_lib.a(stm32f7xx_hal_sdram.o)
 .debug_info    0x00011b1b      0xc3a C:\Users\Obelisk\Desktop\stm32f7Workspace\stm32f746g-disco_hal_lib\Debug\libstm32f746g-disco_hal_lib.a(stm32f7xx_ll_fmc.o)
 .debug_info    0x00012755      0x620 C:\Users\Obelisk\Desktop\stm32f7Workspace\stm32f746g-disco_hal_lib\Debug\libstm32f746g-disco_hal_lib.a(stm32f7xx_ll_sdmmc.o)

.debug_abbrev   0x00000000     0x2c83
 .debug_abbrev  0x00000000      0x153 Middlewares\Third_Party\FatFs\src\diskio.o
 .debug_abbrev  0x00000153      0x127 Middlewares\Third_Party\FatFs\src\drivers\sd_diskio.o
 .debug_abbrev  0x0000027a      0x24f Middlewares\Third_Party\FatFs\src\ff.o
 .debug_abbrev  0x000004c9      0x16f Middlewares\Third_Party\FatFs\src\ff_gen_drv.o
 .debug_abbrev  0x00000638       0x9e Middlewares\Third_Party\FatFs\src\option\syscall.o
 .debug_abbrev  0x000006d6       0xb4 Middlewares\Third_Party\FatFs\src\option\unicode.o
 .debug_abbrev  0x0000078a      0x259 src\main.o
 .debug_abbrev  0x000009e3       0x6a src\stm32f7xx_it.o
 .debug_abbrev  0x00000a4d      0x177 src\syscalls.o
 .debug_abbrev  0x00000bc4      0x120 src\system_stm32f7xx.o
 .debug_abbrev  0x00000ce4       0x12 startup\startup_stm32f746xx.o
 .debug_abbrev  0x00000cf6      0x19a C:\Users\Obelisk\Desktop\stm32f7Workspace\stm32f746g-disco_hal_lib\Debug\libstm32f746g-disco_hal_lib.a(stm32f7xx_hal.o)
 .debug_abbrev  0x00000e90      0x2cc C:\Users\Obelisk\Desktop\stm32f7Workspace\stm32f746g-disco_hal_lib\Debug\libstm32f746g-disco_hal_lib.a(stm32f7xx_hal_cortex.o)
 .debug_abbrev  0x0000115c      0x1a9 C:\Users\Obelisk\Desktop\stm32f7Workspace\stm32f746g-disco_hal_lib\Debug\libstm32f746g-disco_hal_lib.a(stm32f7xx_hal_pwr_ex.o)
 .debug_abbrev  0x00001305      0x299 C:\Users\Obelisk\Desktop\stm32f7Workspace\stm32f746g-disco_hal_lib\Debug\libstm32f746g-disco_hal_lib.a(stm32f7xx_hal_rcc.o)
 .debug_abbrev  0x0000159e      0x2b2 C:\Users\Obelisk\Desktop\stm32f7Workspace\stm32f746g-disco_hal_lib\Debug\libstm32f746g-disco_hal_lib.a(stm32746g_discovery_lcd.o)
 .debug_abbrev  0x00001850      0x201 C:\Users\Obelisk\Desktop\stm32f7Workspace\stm32f746g-disco_hal_lib\Debug\libstm32f746g-disco_hal_lib.a(stm32746g_discovery_sd.o)
 .debug_abbrev  0x00001a51      0x1eb C:\Users\Obelisk\Desktop\stm32f7Workspace\stm32f746g-disco_hal_lib\Debug\libstm32f746g-disco_hal_lib.a(stm32746g_discovery_sdram.o)
 .debug_abbrev  0x00001c3c      0x209 C:\Users\Obelisk\Desktop\stm32f7Workspace\stm32f746g-disco_hal_lib\Debug\libstm32f746g-disco_hal_lib.a(stm32f7xx_hal_dma.o)
 .debug_abbrev  0x00001e45      0x1fb C:\Users\Obelisk\Desktop\stm32f7Workspace\stm32f746g-disco_hal_lib\Debug\libstm32f746g-disco_hal_lib.a(stm32f7xx_hal_dma2d.o)
 .debug_abbrev  0x00002040      0x1af C:\Users\Obelisk\Desktop\stm32f7Workspace\stm32f746g-disco_hal_lib\Debug\libstm32f746g-disco_hal_lib.a(stm32f7xx_hal_gpio.o)
 .debug_abbrev  0x000021ef      0x1fa C:\Users\Obelisk\Desktop\stm32f7Workspace\stm32f746g-disco_hal_lib\Debug\libstm32f746g-disco_hal_lib.a(stm32f7xx_hal_ltdc.o)
 .debug_abbrev  0x000023e9      0x1e3 C:\Users\Obelisk\Desktop\stm32f7Workspace\stm32f746g-disco_hal_lib\Debug\libstm32f746g-disco_hal_lib.a(stm32f7xx_hal_rcc_ex.o)
 .debug_abbrev  0x000025cc      0x221 C:\Users\Obelisk\Desktop\stm32f7Workspace\stm32f746g-disco_hal_lib\Debug\libstm32f746g-disco_hal_lib.a(stm32f7xx_hal_sd.o)
 .debug_abbrev  0x000027ed      0x1dd C:\Users\Obelisk\Desktop\stm32f7Workspace\stm32f746g-disco_hal_lib\Debug\libstm32f746g-disco_hal_lib.a(stm32f7xx_hal_sdram.o)
 .debug_abbrev  0x000029ca      0x156 C:\Users\Obelisk\Desktop\stm32f7Workspace\stm32f746g-disco_hal_lib\Debug\libstm32f746g-disco_hal_lib.a(stm32f7xx_ll_fmc.o)
 .debug_abbrev  0x00002b20      0x163 C:\Users\Obelisk\Desktop\stm32f7Workspace\stm32f746g-disco_hal_lib\Debug\libstm32f746g-disco_hal_lib.a(stm32f7xx_ll_sdmmc.o)

.debug_aranges  0x00000000     0x1060
 .debug_aranges
                0x00000000       0x48 Middlewares\Third_Party\FatFs\src\diskio.o
 .debug_aranges
                0x00000048       0x40 Middlewares\Third_Party\FatFs\src\drivers\sd_diskio.o
 .debug_aranges
                0x00000088      0x210 Middlewares\Third_Party\FatFs\src\ff.o
 .debug_aranges
                0x00000298       0x40 Middlewares\Third_Party\FatFs\src\ff_gen_drv.o
 .debug_aranges
                0x000002d8       0x28 Middlewares\Third_Party\FatFs\src\option\syscall.o
 .debug_aranges
                0x00000300       0x28 Middlewares\Third_Party\FatFs\src\option\unicode.o
 .debug_aranges
                0x00000328       0x58 src\main.o
 .debug_aranges
                0x00000380       0x20 src\stm32f7xx_it.o
 .debug_aranges
                0x000003a0       0xb0 src\syscalls.o
 .debug_aranges
                0x00000450       0x28 src\system_stm32f7xx.o
 .debug_aranges
                0x00000478       0x28 startup\startup_stm32f746xx.o
 .debug_aranges
                0x000004a0       0xd0 C:\Users\Obelisk\Desktop\stm32f7Workspace\stm32f746g-disco_hal_lib\Debug\libstm32f746g-disco_hal_lib.a(stm32f7xx_hal.o)
 .debug_aranges
                0x00000570      0x108 C:\Users\Obelisk\Desktop\stm32f7Workspace\stm32f746g-disco_hal_lib\Debug\libstm32f746g-disco_hal_lib.a(stm32f7xx_hal_cortex.o)
 .debug_aranges
                0x00000678       0x80 C:\Users\Obelisk\Desktop\stm32f7Workspace\stm32f746g-disco_hal_lib\Debug\libstm32f746g-disco_hal_lib.a(stm32f7xx_hal_pwr_ex.o)
 .debug_aranges
                0x000006f8       0x88 C:\Users\Obelisk\Desktop\stm32f7Workspace\stm32f746g-disco_hal_lib\Debug\libstm32f746g-disco_hal_lib.a(stm32f7xx_hal_rcc.o)
 .debug_aranges
                0x00000780      0x1a0 C:\Users\Obelisk\Desktop\stm32f7Workspace\stm32f746g-disco_hal_lib\Debug\libstm32f746g-disco_hal_lib.a(stm32746g_discovery_lcd.o)
 .debug_aranges
                0x00000920       0xa0 C:\Users\Obelisk\Desktop\stm32f7Workspace\stm32f746g-disco_hal_lib\Debug\libstm32f746g-disco_hal_lib.a(stm32746g_discovery_sd.o)
 .debug_aranges
                0x000009c0       0x70 C:\Users\Obelisk\Desktop\stm32f7Workspace\stm32f746g-disco_hal_lib\Debug\libstm32f746g-disco_hal_lib.a(stm32746g_discovery_sdram.o)
 .debug_aranges
                0x00000a30       0x70 C:\Users\Obelisk\Desktop\stm32f7Workspace\stm32f746g-disco_hal_lib\Debug\libstm32f746g-disco_hal_lib.a(stm32f7xx_hal_dma.o)
 .debug_aranges
                0x00000aa0       0xc0 C:\Users\Obelisk\Desktop\stm32f7Workspace\stm32f746g-disco_hal_lib\Debug\libstm32f746g-disco_hal_lib.a(stm32f7xx_hal_dma2d.o)
 .debug_aranges
                0x00000b60       0x58 C:\Users\Obelisk\Desktop\stm32f7Workspace\stm32f746g-disco_hal_lib\Debug\libstm32f746g-disco_hal_lib.a(stm32f7xx_hal_gpio.o)
 .debug_aranges
                0x00000bb8       0xe0 C:\Users\Obelisk\Desktop\stm32f7Workspace\stm32f746g-disco_hal_lib\Debug\libstm32f746g-disco_hal_lib.a(stm32f7xx_hal_ltdc.o)
 .debug_aranges
                0x00000c98       0x30 C:\Users\Obelisk\Desktop\stm32f7Workspace\stm32f746g-disco_hal_lib\Debug\libstm32f746g-disco_hal_lib.a(stm32f7xx_hal_rcc_ex.o)
 .debug_aranges
                0x00000cc8      0x180 C:\Users\Obelisk\Desktop\stm32f7Workspace\stm32f746g-disco_hal_lib\Debug\libstm32f746g-disco_hal_lib.a(stm32f7xx_hal_sd.o)
 .debug_aranges
                0x00000e48       0xd0 C:\Users\Obelisk\Desktop\stm32f7Workspace\stm32f746g-disco_hal_lib\Debug\libstm32f746g-disco_hal_lib.a(stm32f7xx_hal_sdram.o)
 .debug_aranges
                0x00000f18       0xc8 C:\Users\Obelisk\Desktop\stm32f7Workspace\stm32f746g-disco_hal_lib\Debug\libstm32f746g-disco_hal_lib.a(stm32f7xx_ll_fmc.o)
 .debug_aranges
                0x00000fe0       0x80 C:\Users\Obelisk\Desktop\stm32f7Workspace\stm32f746g-disco_hal_lib\Debug\libstm32f746g-disco_hal_lib.a(stm32f7xx_ll_sdmmc.o)

.debug_ranges   0x00000000      0xeb8
 .debug_ranges  0x00000000       0x38 Middlewares\Third_Party\FatFs\src\diskio.o
 .debug_ranges  0x00000038       0x30 Middlewares\Third_Party\FatFs\src\drivers\sd_diskio.o
 .debug_ranges  0x00000068      0x200 Middlewares\Third_Party\FatFs\src\ff.o
 .debug_ranges  0x00000268       0x30 Middlewares\Third_Party\FatFs\src\ff_gen_drv.o
 .debug_ranges  0x00000298       0x18 Middlewares\Third_Party\FatFs\src\option\syscall.o
 .debug_ranges  0x000002b0       0x18 Middlewares\Third_Party\FatFs\src\option\unicode.o
 .debug_ranges  0x000002c8       0x48 src\main.o
 .debug_ranges  0x00000310       0x10 src\stm32f7xx_it.o
 .debug_ranges  0x00000320       0xa0 src\syscalls.o
 .debug_ranges  0x000003c0       0x18 src\system_stm32f7xx.o
 .debug_ranges  0x000003d8       0x20 startup\startup_stm32f746xx.o
 .debug_ranges  0x000003f8       0xc0 C:\Users\Obelisk\Desktop\stm32f7Workspace\stm32f746g-disco_hal_lib\Debug\libstm32f746g-disco_hal_lib.a(stm32f7xx_hal.o)
 .debug_ranges  0x000004b8       0xf8 C:\Users\Obelisk\Desktop\stm32f7Workspace\stm32f746g-disco_hal_lib\Debug\libstm32f746g-disco_hal_lib.a(stm32f7xx_hal_cortex.o)
 .debug_ranges  0x000005b0       0x70 C:\Users\Obelisk\Desktop\stm32f7Workspace\stm32f746g-disco_hal_lib\Debug\libstm32f746g-disco_hal_lib.a(stm32f7xx_hal_pwr_ex.o)
 .debug_ranges  0x00000620       0x78 C:\Users\Obelisk\Desktop\stm32f7Workspace\stm32f746g-disco_hal_lib\Debug\libstm32f746g-disco_hal_lib.a(stm32f7xx_hal_rcc.o)
 .debug_ranges  0x00000698      0x190 C:\Users\Obelisk\Desktop\stm32f7Workspace\stm32f746g-disco_hal_lib\Debug\libstm32f746g-disco_hal_lib.a(stm32746g_discovery_lcd.o)
 .debug_ranges  0x00000828       0x90 C:\Users\Obelisk\Desktop\stm32f7Workspace\stm32f746g-disco_hal_lib\Debug\libstm32f746g-disco_hal_lib.a(stm32746g_discovery_sd.o)
 .debug_ranges  0x000008b8       0x60 C:\Users\Obelisk\Desktop\stm32f7Workspace\stm32f746g-disco_hal_lib\Debug\libstm32f746g-disco_hal_lib.a(stm32746g_discovery_sdram.o)
 .debug_ranges  0x00000918       0x60 C:\Users\Obelisk\Desktop\stm32f7Workspace\stm32f746g-disco_hal_lib\Debug\libstm32f746g-disco_hal_lib.a(stm32f7xx_hal_dma.o)
 .debug_ranges  0x00000978       0xb0 C:\Users\Obelisk\Desktop\stm32f7Workspace\stm32f746g-disco_hal_lib\Debug\libstm32f746g-disco_hal_lib.a(stm32f7xx_hal_dma2d.o)
 .debug_ranges  0x00000a28       0x48 C:\Users\Obelisk\Desktop\stm32f7Workspace\stm32f746g-disco_hal_lib\Debug\libstm32f746g-disco_hal_lib.a(stm32f7xx_hal_gpio.o)
 .debug_ranges  0x00000a70       0xd0 C:\Users\Obelisk\Desktop\stm32f7Workspace\stm32f746g-disco_hal_lib\Debug\libstm32f746g-disco_hal_lib.a(stm32f7xx_hal_ltdc.o)
 .debug_ranges  0x00000b40       0x20 C:\Users\Obelisk\Desktop\stm32f7Workspace\stm32f746g-disco_hal_lib\Debug\libstm32f746g-disco_hal_lib.a(stm32f7xx_hal_rcc_ex.o)
 .debug_ranges  0x00000b60      0x170 C:\Users\Obelisk\Desktop\stm32f7Workspace\stm32f746g-disco_hal_lib\Debug\libstm32f746g-disco_hal_lib.a(stm32f7xx_hal_sd.o)
 .debug_ranges  0x00000cd0       0xc0 C:\Users\Obelisk\Desktop\stm32f7Workspace\stm32f746g-disco_hal_lib\Debug\libstm32f746g-disco_hal_lib.a(stm32f7xx_hal_sdram.o)
 .debug_ranges  0x00000d90       0xb8 C:\Users\Obelisk\Desktop\stm32f7Workspace\stm32f746g-disco_hal_lib\Debug\libstm32f746g-disco_hal_lib.a(stm32f7xx_ll_fmc.o)
 .debug_ranges  0x00000e48       0x70 C:\Users\Obelisk\Desktop\stm32f7Workspace\stm32f746g-disco_hal_lib\Debug\libstm32f746g-disco_hal_lib.a(stm32f7xx_ll_sdmmc.o)

.debug_macro    0x00000000    0x23ee3
 .debug_macro   0x00000000      0x56a Middlewares\Third_Party\FatFs\src\diskio.o
 .debug_macro   0x0000056a      0x8b0 Middlewares\Third_Party\FatFs\src\diskio.o
 .debug_macro   0x00000e1a       0x16 Middlewares\Third_Party\FatFs\src\diskio.o
 .debug_macro   0x00000e30       0x7c Middlewares\Third_Party\FatFs\src\diskio.o
 .debug_macro   0x00000eac      0x237 Middlewares\Third_Party\FatFs\src\diskio.o
 .debug_macro   0x000010e3       0x28 Middlewares\Third_Party\FatFs\src\diskio.o
 .debug_macro   0x0000110b       0x3b Middlewares\Third_Party\FatFs\src\diskio.o
 .debug_macro   0x00001146       0x22 Middlewares\Third_Party\FatFs\src\diskio.o
 .debug_macro   0x00001168       0x44 Middlewares\Third_Party\FatFs\src\diskio.o
 .debug_macro   0x000011ac       0xfd Middlewares\Third_Party\FatFs\src\diskio.o
 .debug_macro   0x000012a9       0x22 Middlewares\Third_Party\FatFs\src\diskio.o
 .debug_macro   0x000012cb      0x1df Middlewares\Third_Party\FatFs\src\diskio.o
 .debug_macro   0x000014aa       0x35 Middlewares\Third_Party\FatFs\src\diskio.o
 .debug_macro   0x000014df       0x50 Middlewares\Third_Party\FatFs\src\diskio.o
 .debug_macro   0x0000152f     0x1114 Middlewares\Third_Party\FatFs\src\diskio.o
 .debug_macro   0x00002643     0xa75c Middlewares\Third_Party\FatFs\src\diskio.o
 .debug_macro   0x0000cd9f       0x43 Middlewares\Third_Party\FatFs\src\diskio.o
 .debug_macro   0x0000cde2     0x32ff Middlewares\Third_Party\FatFs\src\diskio.o
 .debug_macro   0x000100e1       0x58 Middlewares\Third_Party\FatFs\src\diskio.o
 .debug_macro   0x00010139       0x35 Middlewares\Third_Party\FatFs\src\diskio.o
 .debug_macro   0x0001016e       0x9c Middlewares\Third_Party\FatFs\src\diskio.o
 .debug_macro   0x0001020a       0x16 Middlewares\Third_Party\FatFs\src\diskio.o
 .debug_macro   0x00010220       0x97 Middlewares\Third_Party\FatFs\src\diskio.o
 .debug_macro   0x000102b7      0x329 Middlewares\Third_Party\FatFs\src\diskio.o
 .debug_macro   0x000105e0       0xfd Middlewares\Third_Party\FatFs\src\diskio.o
 .debug_macro   0x000106dd       0x10 Middlewares\Third_Party\FatFs\src\diskio.o
 .debug_macro   0x000106ed       0x52 Middlewares\Third_Party\FatFs\src\diskio.o
 .debug_macro   0x0001073f       0x16 Middlewares\Third_Party\FatFs\src\diskio.o
 .debug_macro   0x00010755       0x43 Middlewares\Third_Party\FatFs\src\diskio.o
 .debug_macro   0x00010798      0x187 Middlewares\Third_Party\FatFs\src\diskio.o
 .debug_macro   0x0001091f       0x10 Middlewares\Third_Party\FatFs\src\diskio.o
 .debug_macro   0x0001092f       0x22 Middlewares\Third_Party\FatFs\src\diskio.o
 .debug_macro   0x00010951       0x3a Middlewares\Third_Party\FatFs\src\diskio.o
 .debug_macro   0x0001098b       0x10 Middlewares\Third_Party\FatFs\src\diskio.o
 .debug_macro   0x0001099b       0x40 Middlewares\Third_Party\FatFs\src\diskio.o
 .debug_macro   0x000109db       0x65 Middlewares\Third_Party\FatFs\src\diskio.o
 .debug_macro   0x00010a40       0x16 Middlewares\Third_Party\FatFs\src\diskio.o
 .debug_macro   0x00010a56      0x197 Middlewares\Third_Party\FatFs\src\diskio.o
 .debug_macro   0x00010bed       0x57 Middlewares\Third_Party\FatFs\src\diskio.o
 .debug_macro   0x00010c44      0x5c9 Middlewares\Third_Party\FatFs\src\diskio.o
 .debug_macro   0x0001120d     0x18a6 Middlewares\Third_Party\FatFs\src\diskio.o
 .debug_macro   0x00012ab3       0xdd Middlewares\Third_Party\FatFs\src\diskio.o
 .debug_macro   0x00012b90      0x11e Middlewares\Third_Party\FatFs\src\diskio.o
 .debug_macro   0x00012cae      0x1f3 Middlewares\Third_Party\FatFs\src\diskio.o
 .debug_macro   0x00012ea1       0x27 Middlewares\Third_Party\FatFs\src\diskio.o
 .debug_macro   0x00012ec8      0x272 Middlewares\Third_Party\FatFs\src\diskio.o
 .debug_macro   0x0001313a       0x5f Middlewares\Third_Party\FatFs\src\diskio.o
 .debug_macro   0x00013199      0x23a Middlewares\Third_Party\FatFs\src\diskio.o
 .debug_macro   0x000133d3      0x38a Middlewares\Third_Party\FatFs\src\diskio.o
 .debug_macro   0x0001375d      0x161 Middlewares\Third_Party\FatFs\src\diskio.o
 .debug_macro   0x000138be       0xf9 Middlewares\Third_Party\FatFs\src\diskio.o
 .debug_macro   0x000139b7      0x36e Middlewares\Third_Party\FatFs\src\diskio.o
 .debug_macro   0x00013d25      0x272 Middlewares\Third_Party\FatFs\src\diskio.o
 .debug_macro   0x00013f97       0xab Middlewares\Third_Party\FatFs\src\diskio.o
 .debug_macro   0x00014042       0x4c Middlewares\Third_Party\FatFs\src\diskio.o
 .debug_macro   0x0001408e       0x2e Middlewares\Third_Party\FatFs\src\diskio.o
 .debug_macro   0x000140bc      0x1f3 Middlewares\Third_Party\FatFs\src\diskio.o
 .debug_macro   0x000142af       0xe6 Middlewares\Third_Party\FatFs\src\diskio.o
 .debug_macro   0x00014395       0xa1 Middlewares\Third_Party\FatFs\src\diskio.o
 .debug_macro   0x00014436       0x3c Middlewares\Third_Party\FatFs\src\diskio.o
 .debug_macro   0x00014472       0x6c Middlewares\Third_Party\FatFs\src\diskio.o
 .debug_macro   0x000144de      0x1aa Middlewares\Third_Party\FatFs\src\diskio.o
 .debug_macro   0x00014688      0xd92 Middlewares\Third_Party\FatFs\src\diskio.o
 .debug_macro   0x0001541a      0x111 Middlewares\Third_Party\FatFs\src\diskio.o
 .debug_macro   0x0001552b      0x293 Middlewares\Third_Party\FatFs\src\diskio.o
 .debug_macro   0x000157be       0x12 Middlewares\Third_Party\FatFs\src\diskio.o
 .debug_macro   0x000157d0      0x516 Middlewares\Third_Party\FatFs\src\diskio.o
 .debug_macro   0x00015ce6       0x88 Middlewares\Third_Party\FatFs\src\diskio.o
 .debug_macro   0x00015d6e       0xce Middlewares\Third_Party\FatFs\src\diskio.o
 .debug_macro   0x00015e3c       0x10 Middlewares\Third_Party\FatFs\src\diskio.o
 .debug_macro   0x00015e4c      0x1d0 Middlewares\Third_Party\FatFs\src\diskio.o
 .debug_macro   0x0001601c       0x22 Middlewares\Third_Party\FatFs\src\diskio.o
 .debug_macro   0x0001603e       0x66 Middlewares\Third_Party\FatFs\src\diskio.o